Build started 3/10/2020 7:30:35 AM.
__________________________________________________
Project "H:\Work\repositories\dunenet\dunenet\dunenet.sln" (default targets):

Target ValidateSolutionConfiguration:
    Building solution configuration "Release|Any CPU".
Target Build:
    __________________________________________________
    Project "H:\Work\repositories\dunenet\dunenet\dunenet.sln" is building "H:\Work\repositories\dunenet\dunenet\Server\Server.csproj" (default targets):

    Target _GetProjectReferenceTargetFrameworkProperties:
        __________________________________________________
        Project "H:\Work\repositories\dunenet\dunenet\Server\Server.csproj" is building "H:\Work\repositories\dunenet\dunenet\Shared\Shared.csproj" (GetTargetFrameworks target(s)):

    Target ResolveProjectReferences:
        __________________________________________________
        Project "H:\Work\repositories\dunenet\dunenet\Server\Server.csproj" is building "H:\Work\repositories\dunenet\dunenet\Shared\Shared.csproj" (default targets):

        Target GenerateTargetFrameworkMonikerAttribute:
          Skipping target "GenerateTargetFrameworkMonikerAttribute" because all output files are up-to-date with respect to the input files.
        Target CoreCompile:
            C:\Program Files (x86)\Microsoft Visual Studio\2019\BuildTools\MSBuild\Current\Bin\Roslyn\csc.exe /noconfig /nowarn:1701,1702 /nostdlib+ /platform:AnyCPU /errorreport:prompt /warn:4 /doc:DuneNet.Shared.xml /define:TRACE /highentropyva+ /reference:"C:\Program Files (x86)\Reference Assemblies\Microsoft\Framework\.NETFramework\v4.7.1\mscorlib.dll" /reference:"C:\Program Files (x86)\Reference Assemblies\Microsoft\Framework\.NETFramework\v4.7.1\System.Core.dll" /reference:"C:\Program Files (x86)\Reference Assemblies\Microsoft\Framework\.NETFramework\v4.7.1\System.dll" /reference:"C:\Program Files (x86)\Reference Assemblies\Microsoft\Framework\.NETFramework\v4.7.1\System.Xml.dll" /reference:"C:\Program Files\Unity\Hub\Editor\2018.1.0f2\Editor\Data\Managed\UnityEngine.dll" /reference:"C:\Program Files\Unity\Hub\Editor\2018.1.0f2\Editor\Data\UnityExtensions\Unity\Networking\UnityEngine.Networking.dll" /debug:pdbonly /filealign:512 /optimize+ /out:obj\Release\DuneNet.Shared.dll /ruleset:"C:\Program Files (x86)\Microsoft Visual Studio\2019\BuildTools\Team Tools\Static Analysis Tools\\Rule Sets\MinimumRecommendedRules.ruleset" /subsystemversion:6.00 /target:library /utf8output /langversion:7 Properties\AssemblyInfo.cs src\Controllers\BaseEntityController.cs src\DuneConnection.cs src\DuneLog.cs src\DuneUpdater.cs src\Entities\BaseEntity.cs src\Entities\EntityRegAttribute.cs src\Entities\EntityInfo.cs src\Entities\NetworkedVariable.cs src\Controllers\BaseEventController.cs src\Enums\NetworkContext.cs src\Events\EventMetadata.cs src\Events\EventRegAttribute.cs src\Events\EventDelegate.cs src\Events\IEventCompatible.cs src\Messages\MessageChannels.cs src\Messages\MsgTypes.cs src\Messages\SharedAuthorityMessage.cs src\Messages\SharedDestroyEntity.cs src\Messages\SharedHandshakeRequest.cs src\Messages\SharedHandshakeResponse.cs src\Messages\SharedInvokeEvent.cs src\Events\Event.cs src\Events\EventArguments.cs src\Messages\SharedSetEntityParent.cs src\Messages\SharedSetEntityPosition.cs src\Messages\SharedSetEntityRotation.cs src\Messages\SharedSpawnEntity.cs src\Messages\SharedUpdateEntityPositionAndRotation.cs src\Modules\HandshakeRequest.cs src\Modules\HandshakeResponse.cs "C:\Users\carma\AppData\Local\Temp\.NETFramework,Version=v4.7.1.AssemblyAttributes.cs"
            Using shared compilation with compiler from directory: C:\Program Files (x86)\Microsoft Visual Studio\2019\BuildTools\MSBuild\Current\Bin\Roslyn
            src\Controllers\BaseEntityController.cs(21,19): warning CS1591: Missing XML comment for publicly visible type or member 'BaseEntityController.BaseEntityController(NetworkContext)'
            src\Controllers\BaseEntityController.cs(91,31): warning CS1591: Missing XML comment for publicly visible type or member 'BaseEntityController.GetEntityInfoInternal(string)'
            src\Controllers\BaseEntityController.cs(100,24): warning CS1591: Missing XML comment for publicly visible type or member 'BaseEntityController.DestroyEntityInternal(BaseEntity)'
            src\Controllers\BaseEntityController.cs(115,24): warning CS1591: Missing XML comment for publicly visible type or member 'BaseEntityController.DestroyAllEntitiesInternal()'
            src\Controllers\BaseEntityController.cs(126,30): warning CS1591: Missing XML comment for publicly visible type or member 'BaseEntityController.GetEntityFromIdInternal(uint)'
            src\Controllers\BaseEntityController.cs(133,34): warning CS1591: Missing XML comment for publicly visible type or member 'BaseEntityController.GetEntitiesInternal<T>()'
            src\Controllers\BaseEntityController.cs(138,43): warning CS1591: Missing XML comment for publicly visible type or member 'BaseEntityController.GetEntitiesInternal()'
            src\Controllers\BaseEntityController.cs(143,32): warning CS1591: Missing XML comment for publicly visible type or member 'BaseEntityController.AddEntity(BaseEntity)'
            src\Controllers\BaseEventController.cs(23,19): warning CS1591: Missing XML comment for publicly visible type or member 'BaseEventController.BaseEventController(NetworkContext)'
            src\Controllers\BaseEventController.cs(95,24): warning CS1591: Missing XML comment for publicly visible type or member 'BaseEventController.OnEventNetworkInvokeInternal(NetworkMessage)'
            src\Controllers\BaseEventController.cs(103,24): warning CS1591: Missing XML comment for publicly visible type or member 'BaseEventController.InvokeEventInternal(string, EventArguments)'
            src\Entities\BaseEntity.cs(17,24): warning CS1591: Missing XML comment for publicly visible type or member 'BaseEntity.DirtyBit'
            src\Entities\BaseEntity.cs(18,25): warning CS1591: Missing XML comment for publicly visible type or member 'BaseEntity.NetUpdateTime'
            src\Entities\BaseEntity.cs(20,32): warning CS1591: Missing XML comment for publicly visible type or member 'BaseEntity.Awake()'
            src\Entities\BaseEntity.cs(25,32): warning CS1591: Missing XML comment for publicly visible type or member 'BaseEntity.Start()'
            src\Entities\BaseEntity.cs(30,32): warning CS1591: Missing XML comment for publicly visible type or member 'BaseEntity.Update()'
            src\Entities\BaseEntity.cs(35,32): warning CS1591: Missing XML comment for publicly visible type or member 'BaseEntity.FixedUpdate()'
            src\Entities\BaseEntity.cs(40,32): warning CS1591: Missing XML comment for publicly visible type or member 'BaseEntity.LateUpdate()'
            src\Entities\BaseEntity.cs(45,32): warning CS1591: Missing XML comment for publicly visible type or member 'BaseEntity.OnEntityDestroyedInternal()'
            src\Entities\EntityRegAttribute.cs(56,98): warning CS1573: Parameter 'assetBundle' has no matching param tag in the XML comment for 'EntityRegAttribute.EntityRegAttribute(string, string, NetworkContext, string)' (but other parameters do)
            src\Enums\NetworkContext.cs(8,9): warning CS1591: Missing XML comment for publicly visible type or member 'NetworkContext.Client'
            src\Enums\NetworkContext.cs(9,9): warning CS1591: Missing XML comment for publicly visible type or member 'NetworkContext.Server'
            src\Events\IEventCompatible.cs(3,22): warning CS1591: Missing XML comment for publicly visible type or member 'IEventCompatible'
            src\Messages\MsgTypes.cs(13,28): warning CS1591: Missing XML comment for publicly visible type or member 'MsgTypes.RequestHandshake'
            src\Messages\MsgTypes.cs(14,28): warning CS1591: Missing XML comment for publicly visible type or member 'MsgTypes.RespondHandshake'
            src\Messages\MsgTypes.cs(16,28): warning CS1591: Missing XML comment for publicly visible type or member 'MsgTypes.SpawnEntity'
            src\Messages\MsgTypes.cs(17,28): warning CS1591: Missing XML comment for publicly visible type or member 'MsgTypes.DestroyEntity'
            src\Messages\MsgTypes.cs(18,28): warning CS1591: Missing XML comment for publicly visible type or member 'MsgTypes.UpdateEntityPositionAndRotation'
            src\Messages\MsgTypes.cs(19,28): warning CS1591: Missing XML comment for publicly visible type or member 'MsgTypes.SetEntityPosition'
            src\Messages\MsgTypes.cs(20,28): warning CS1591: Missing XML comment for publicly visible type or member 'MsgTypes.SetEntityRotation'
            src\Messages\MsgTypes.cs(21,28): warning CS1591: Missing XML comment for publicly visible type or member 'MsgTypes.SetEntityParent'
            src\Messages\MsgTypes.cs(22,28): warning CS1591: Missing XML comment for publicly visible type or member 'MsgTypes.SetEntityData'
            src\Messages\MsgTypes.cs(23,28): warning CS1591: Missing XML comment for publicly visible type or member 'MsgTypes.SetEntityUMessage'
            src\Messages\MsgTypes.cs(25,28): warning CS1591: Missing XML comment for publicly visible type or member 'MsgTypes.InvokeEvent'
            src\Messages\SharedAuthorityMessage.cs(11,21): warning CS1591: Missing XML comment for publicly visible type or member 'SharedAuthorityMessage.HasAuthority'
            src\Messages\SharedDestroyEntity.cs(5,18): warning CS1591: Missing XML comment for publicly visible type or member 'SharedDestroyEntity'
            src\Messages\SharedDestroyEntity.cs(7,21): warning CS1591: Missing XML comment for publicly visible type or member 'SharedDestroyEntity.EntId'
            src\Messages\SharedDestroyEntity.cs(9,16): warning CS1591: Missing XML comment for publicly visible type or member 'SharedDestroyEntity.SharedDestroyEntity()'
            src\Messages\SharedDestroyEntity.cs(13,16): warning CS1591: Missing XML comment for publicly visible type or member 'SharedDestroyEntity.SharedDestroyEntity(uint)'
            src\Messages\SharedDestroyEntity.cs(18,30): warning CS1591: Missing XML comment for publicly visible type or member 'SharedDestroyEntity.Serialize(NetworkWriter)'
            src\Messages\SharedDestroyEntity.cs(23,30): warning CS1591: Missing XML comment for publicly visible type or member 'SharedDestroyEntity.Deserialize(NetworkReader)'
            src\Messages\SharedHandshakeRequest.cs(6,18): warning CS1591: Missing XML comment for publicly visible type or member 'SharedHandshakeRequest'
            src\Messages\SharedHandshakeRequest.cs(8,23): warning CS1591: Missing XML comment for publicly visible type or member 'SharedHandshakeRequest.IDToken'
            src\Messages\SharedHandshakeRequest.cs(9,23): warning CS1591: Missing XML comment for publicly visible type or member 'SharedHandshakeRequest.Secret'
            src\Messages\SharedHandshakeRequest.cs(11,16): warning CS1591: Missing XML comment for publicly visible type or member 'SharedHandshakeRequest.SharedHandshakeRequest()'
            src\Messages\SharedHandshakeRequest.cs(15,16): warning CS1591: Missing XML comment for publicly visible type or member 'SharedHandshakeRequest.SharedHandshakeRequest(HandshakeRequest)'
            src\Messages\SharedHandshakeRequest.cs(21,16): warning CS1591: Missing XML comment for publicly visible type or member 'SharedHandshakeRequest.SharedHandshakeRequest(string, byte[])'
            src\Messages\SharedHandshakeRequest.cs(27,30): warning CS1591: Missing XML comment for publicly visible type or member 'SharedHandshakeRequest.Serialize(NetworkWriter)'
            src\Messages\SharedHandshakeRequest.cs(33,30): warning CS1591: Missing XML comment for publicly visible type or member 'SharedHandshakeRequest.Deserialize(NetworkReader)'
            src\Messages\SharedHandshakeResponse.cs(6,18): warning CS1591: Missing XML comment for publicly visible type or member 'SharedHandshakeResponse'
            src\Messages\SharedHandshakeResponse.cs(8,21): warning CS1591: Missing XML comment for publicly visible type or member 'SharedHandshakeResponse.Allowed'
            src\Messages\SharedHandshakeResponse.cs(9,23): warning CS1591: Missing XML comment for publicly visible type or member 'SharedHandshakeResponse.Error'
            src\Messages\SharedHandshakeResponse.cs(11,16): warning CS1591: Missing XML comment for publicly visible type or member 'SharedHandshakeResponse.SharedHandshakeResponse()'
            src\Messages\SharedHandshakeResponse.cs(15,16): warning CS1591: Missing XML comment for publicly visible type or member 'SharedHandshakeResponse.SharedHandshakeResponse(string, HandshakeResponse)'
            src\Messages\SharedHandshakeResponse.cs(21,16): warning CS1591: Missing XML comment for publicly visible type or member 'SharedHandshakeResponse.SharedHandshakeResponse(string, bool, string)'
            src\Messages\SharedHandshakeResponse.cs(27,30): warning CS1591: Missing XML comment for publicly visible type or member 'SharedHandshakeResponse.Serialize(NetworkWriter)'
            src\Messages\SharedHandshakeResponse.cs(37,30): warning CS1591: Missing XML comment for publicly visible type or member 'SharedHandshakeResponse.Deserialize(NetworkReader)'
            src\Messages\SharedInvokeEvent.cs(7,18): warning CS1591: Missing XML comment for publicly visible type or member 'SharedInvokeEvent'
            src\Messages\SharedInvokeEvent.cs(9,23): warning CS1591: Missing XML comment for publicly visible type or member 'SharedInvokeEvent.EventName'
            src\Messages\SharedInvokeEvent.cs(10,31): warning CS1591: Missing XML comment for publicly visible type or member 'SharedInvokeEvent.EventArguments'
            src\Messages\SharedInvokeEvent.cs(12,16): warning CS1591: Missing XML comment for publicly visible type or member 'SharedInvokeEvent.SharedInvokeEvent()'
            src\Messages\SharedInvokeEvent.cs(16,16): warning CS1591: Missing XML comment for publicly visible type or member 'SharedInvokeEvent.SharedInvokeEvent(string, EventArguments)'
            src\Messages\SharedInvokeEvent.cs(22,30): warning CS1591: Missing XML comment for publicly visible type or member 'SharedInvokeEvent.Serialize(NetworkWriter)'
            src\Messages\SharedInvokeEvent.cs(35,30): warning CS1591: Missing XML comment for publicly visible type or member 'SharedInvokeEvent.Deserialize(NetworkReader)'
            src\Messages\SharedSetEntityParent.cs(5,18): warning CS1591: Missing XML comment for publicly visible type or member 'SharedSetEntityParent'
            src\Messages\SharedSetEntityParent.cs(7,21): warning CS1591: Missing XML comment for publicly visible type or member 'SharedSetEntityParent.EntId'
            src\Messages\SharedSetEntityParent.cs(8,21): warning CS1591: Missing XML comment for publicly visible type or member 'SharedSetEntityParent.ParentEntId'
            src\Messages\SharedSetEntityParent.cs(10,16): warning CS1591: Missing XML comment for publicly visible type or member 'SharedSetEntityParent.SharedSetEntityParent()'
            src\Messages\SharedSetEntityParent.cs(14,16): warning CS1591: Missing XML comment for publicly visible type or member 'SharedSetEntityParent.SharedSetEntityParent(uint, uint)'
            src\Messages\SharedSetEntityParent.cs(20,30): warning CS1591: Missing XML comment for publicly visible type or member 'SharedSetEntityParent.Serialize(NetworkWriter)'
            src\Messages\SharedSetEntityParent.cs(26,30): warning CS1591: Missing XML comment for publicly visible type or member 'SharedSetEntityParent.Deserialize(NetworkReader)'
            src\Messages\SharedSetEntityPosition.cs(6,18): warning CS1591: Missing XML comment for publicly visible type or member 'SharedSetEntityPosition'
            src\Messages\SharedSetEntityPosition.cs(8,21): warning CS1591: Missing XML comment for publicly visible type or member 'SharedSetEntityPosition.EntId'
            src\Messages\SharedSetEntityPosition.cs(9,24): warning CS1591: Missing XML comment for publicly visible type or member 'SharedSetEntityPosition.Position'
            src\Messages\SharedSetEntityPosition.cs(11,16): warning CS1591: Missing XML comment for publicly visible type or member 'SharedSetEntityPosition.SharedSetEntityPosition()'
            src\Messages\SharedSetEntityPosition.cs(15,16): warning CS1591: Missing XML comment for publicly visible type or member 'SharedSetEntityPosition.SharedSetEntityPosition(uint, Vector3)'
            src\Messages\SharedSetEntityPosition.cs(21,30): warning CS1591: Missing XML comment for publicly visible type or member 'SharedSetEntityPosition.Serialize(NetworkWriter)'
            src\Messages\SharedSetEntityPosition.cs(27,30): warning CS1591: Missing XML comment for publicly visible type or member 'SharedSetEntityPosition.Deserialize(NetworkReader)'
            src\Messages\SharedSetEntityRotation.cs(6,18): warning CS1591: Missing XML comment for publicly visible type or member 'SharedSetEntityRotation'
            src\Messages\SharedSetEntityRotation.cs(8,21): warning CS1591: Missing XML comment for publicly visible type or member 'SharedSetEntityRotation.EntId'
            src\Messages\SharedSetEntityRotation.cs(9,27): warning CS1591: Missing XML comment for publicly visible type or member 'SharedSetEntityRotation.Rotation'
            src\Messages\SharedSetEntityRotation.cs(11,16): warning CS1591: Missing XML comment for publicly visible type or member 'SharedSetEntityRotation.SharedSetEntityRotation()'
            src\Messages\SharedSetEntityRotation.cs(15,16): warning CS1591: Missing XML comment for publicly visible type or member 'SharedSetEntityRotation.SharedSetEntityRotation(uint, Quaternion)'
            src\Messages\SharedSetEntityRotation.cs(21,30): warning CS1591: Missing XML comment for publicly visible type or member 'SharedSetEntityRotation.Serialize(NetworkWriter)'
            src\Messages\SharedSetEntityRotation.cs(27,30): warning CS1591: Missing XML comment for publicly visible type or member 'SharedSetEntityRotation.Deserialize(NetworkReader)'
            src\Messages\SharedSpawnEntity.cs(6,18): warning CS1591: Missing XML comment for publicly visible type or member 'SharedSpawnEntity'
            src\Messages\SharedSpawnEntity.cs(8,21): warning CS1591: Missing XML comment for publicly visible type or member 'SharedSpawnEntity.EntId'
            src\Messages\SharedSpawnEntity.cs(9,23): warning CS1591: Missing XML comment for publicly visible type or member 'SharedSpawnEntity.EntName'
            src\Messages\SharedSpawnEntity.cs(10,24): warning CS1591: Missing XML comment for publicly visible type or member 'SharedSpawnEntity.EntPos'
            src\Messages\SharedSpawnEntity.cs(11,27): warning CS1591: Missing XML comment for publicly visible type or member 'SharedSpawnEntity.EntRot'
            src\Messages\SharedSpawnEntity.cs(13,16): warning CS1591: Missing XML comment for publicly visible type or member 'SharedSpawnEntity.SharedSpawnEntity()'
            src\Messages\SharedSpawnEntity.cs(17,16): warning CS1591: Missing XML comment for publicly visible type or member 'SharedSpawnEntity.SharedSpawnEntity(uint, string, Vector3, Quaternion)'
            src\Messages\SharedSpawnEntity.cs(25,30): warning CS1591: Missing XML comment for publicly visible type or member 'SharedSpawnEntity.Serialize(NetworkWriter)'
            src\Messages\SharedSpawnEntity.cs(34,30): warning CS1591: Missing XML comment for publicly visible type or member 'SharedSpawnEntity.Deserialize(NetworkReader)'
            src\Messages\SharedUpdateEntityPositionAndRotation.cs(6,18): warning CS1591: Missing XML comment for publicly visible type or member 'SharedUpdateEntityPositionAndRotation'
            src\Messages\SharedUpdateEntityPositionAndRotation.cs(8,20): warning CS1591: Missing XML comment for publicly visible type or member 'SharedUpdateEntityPositionAndRotation.Timestamp'
            src\Messages\SharedUpdateEntityPositionAndRotation.cs(9,21): warning CS1591: Missing XML comment for publicly visible type or member 'SharedUpdateEntityPositionAndRotation.EntId'
            src\Messages\SharedUpdateEntityPositionAndRotation.cs(10,24): warning CS1591: Missing XML comment for publicly visible type or member 'SharedUpdateEntityPositionAndRotation.Position'
            src\Messages\SharedUpdateEntityPositionAndRotation.cs(11,27): warning CS1591: Missing XML comment for publicly visible type or member 'SharedUpdateEntityPositionAndRotation.Rotation'
            src\Messages\SharedUpdateEntityPositionAndRotation.cs(13,16): warning CS1591: Missing XML comment for publicly visible type or member 'SharedUpdateEntityPositionAndRotation.SharedUpdateEntityPositionAndRotation()'
            src\Messages\SharedUpdateEntityPositionAndRotation.cs(17,16): warning CS1591: Missing XML comment for publicly visible type or member 'SharedUpdateEntityPositionAndRotation.SharedUpdateEntityPositionAndRotation(uint, Vector3, Quaternion)'
            src\Messages\SharedUpdateEntityPositionAndRotation.cs(25,30): warning CS1591: Missing XML comment for publicly visible type or member 'SharedUpdateEntityPositionAndRotation.Serialize(NetworkWriter)'
            src\Messages\SharedUpdateEntityPositionAndRotation.cs(33,30): warning CS1591: Missing XML comment for publicly visible type or member 'SharedUpdateEntityPositionAndRotation.Deserialize(NetworkReader)'
        Done building target "CoreCompile" in project "Shared.csproj".
        Target _CopyFilesMarkedCopyLocal:
            Copying file from "C:\Program Files\Unity\Hub\Editor\2018.1.0f2\Editor\Data\Managed\Unity.Cecil.dll" to "H:\Work\repositories\dunenet\dunenet\target\Release\Unity.Cecil.dll".
            Copying file from "C:\Program Files\Unity\Hub\Editor\2018.1.0f2\Editor\Data\Managed\UnityEditor.dll" to "H:\Work\repositories\dunenet\dunenet\target\Release\UnityEditor.dll".
            Copying file from "C:\Program Files\Unity\Hub\Editor\2018.1.0f2\Editor\Data\Managed\ExCSS.Unity.dll" to "H:\Work\repositories\dunenet\dunenet\target\Release\ExCSS.Unity.dll".
            Copying file from "C:\Program Files\Unity\Hub\Editor\2018.1.0f2\Editor\Data\Managed\Unity.Legacy.NRefactory.dll" to "H:\Work\repositories\dunenet\dunenet\target\Release\Unity.Legacy.NRefactory.dll".
            Copying file from "C:\Program Files\Unity\Hub\Editor\2018.1.0f2\Editor\Data\Managed\Unity.UNetWeaver.dll" to "H:\Work\repositories\dunenet\dunenet\target\Release\Unity.UNetWeaver.dll".
            Copying file from "C:\Program Files\Unity\Hub\Editor\2018.1.0f2\Editor\Data\Managed\Unity.DataContract.dll" to "H:\Work\repositories\dunenet\dunenet\target\Release\Unity.DataContract.dll".
            Copying file from "C:\Program Files\Unity\Hub\Editor\2018.1.0f2\Editor\Data\Managed\UnityEngine.dll" to "H:\Work\repositories\dunenet\dunenet\target\Release\UnityEngine.dll".
            Copying file from "C:\Program Files\Unity\Hub\Editor\2018.1.0f2\Editor\Data\UnityExtensions\Unity\Networking\UnityEngine.Networking.dll" to "H:\Work\repositories\dunenet\dunenet\target\Release\UnityEngine.Networking.dll".
            Copying file from "C:\Program Files\Unity\Hub\Editor\2018.1.0f2\Editor\Data\Managed\Unity.SerializationLogic.dll" to "H:\Work\repositories\dunenet\dunenet\target\Release\Unity.SerializationLogic.dll".
            Copying file from "C:\Program Files\Unity\Hub\Editor\2018.1.0f2\Editor\Data\Managed\UnityEngine.xml" to "H:\Work\repositories\dunenet\dunenet\target\Release\UnityEngine.xml".
            Copying file from "C:\Program Files\Unity\Hub\Editor\2018.1.0f2\Editor\Data\UnityExtensions\Unity\Networking\UnityEngine.Networking.xml" to "H:\Work\repositories\dunenet\dunenet\target\Release\UnityEngine.Networking.xml".
            Copying file from "C:\Program Files\Unity\Hub\Editor\2018.1.0f2\Editor\Data\Managed\Unity.CecilTools.dll" to "H:\Work\repositories\dunenet\dunenet\target\Release\Unity.CecilTools.dll".
            Copying file from "C:\Program Files\Unity\Hub\Editor\2018.1.0f2\Editor\Data\Managed\Unity.Cecil.Pdb.dll" to "H:\Work\repositories\dunenet\dunenet\target\Release\Unity.Cecil.Pdb.dll".
            Copying file from "C:\Program Files\Unity\Hub\Editor\2018.1.0f2\Editor\Data\Managed\Unity.Cecil.Mdb.dll" to "H:\Work\repositories\dunenet\dunenet\target\Release\Unity.Cecil.Mdb.dll".
            Copying file from "C:\Program Files\Unity\Hub\Editor\2018.1.0f2\Editor\Data\Managed\UnityEditor.xml" to "H:\Work\repositories\dunenet\dunenet\target\Release\UnityEditor.xml".
            Creating "H:\Work\repositories\dunenet\dunenet\Shared\obj\Release\Shared.csproj.CopyComplete" because "AlwaysCreate" was specified.
        Target CopyFilesToOutputDirectory:
            Copying file from "H:\Work\repositories\dunenet\dunenet\Shared\obj\Release\DuneNet.Shared.dll" to "H:\Work\repositories\dunenet\dunenet\target\Release\DuneNet.Shared.dll".
            Shared -> H:\Work\repositories\dunenet\dunenet\target\Release\DuneNet.Shared.dll
            Copying file from "H:\Work\repositories\dunenet\dunenet\Shared\obj\Release\DuneNet.Shared.pdb" to "H:\Work\repositories\dunenet\dunenet\target\Release\DuneNet.Shared.pdb".
            Copying file from "H:\Work\repositories\dunenet\dunenet\Shared\DuneNet.Shared.xml" to "H:\Work\repositories\dunenet\dunenet\target\Release\DuneNet.Shared.xml".

        Done building project "Shared.csproj".
        __________________________________________________
        Project "H:\Work\repositories\dunenet\dunenet\Server\Server.csproj" is building "H:\Work\repositories\dunenet\dunenet\Shared\Shared.csproj" (default targets):

        __________________________________________________
        Project "H:\Work\repositories\dunenet\dunenet\Server\Server.csproj" is building "H:\Work\repositories\dunenet\dunenet\Shared\Shared.csproj" (GetNativeManifest target(s)):

    Target GenerateTargetFrameworkMonikerAttribute:
      Skipping target "GenerateTargetFrameworkMonikerAttribute" because all output files are up-to-date with respect to the input files.
    Target CoreCompile:
        C:\Program Files (x86)\Microsoft Visual Studio\2019\BuildTools\MSBuild\Current\Bin\Roslyn\csc.exe /noconfig /nowarn:1701,1702 /nostdlib+ /platform:AnyCPU /errorreport:prompt /warn:4 /doc:DuneNet.Server.xml /define:TRACE /highentropyva+ /reference:H:\Work\repositories\dunenet\dunenet\target\Release\DuneNet.Shared.dll /reference:"C:\Program Files (x86)\Reference Assemblies\Microsoft\Framework\.NETFramework\v4.7.1\mscorlib.dll" /reference:"C:\Program Files (x86)\Reference Assemblies\Microsoft\Framework\.NETFramework\v4.7.1\System.Core.dll" /reference:"C:\Program Files (x86)\Reference Assemblies\Microsoft\Framework\.NETFramework\v4.7.1\System.dll" /reference:"C:\Program Files (x86)\Reference Assemblies\Microsoft\Framework\.NETFramework\v4.7.1\System.Xml.dll" /reference:"C:\Program Files\Unity\Hub\Editor\2018.1.0f2\Editor\Data\Managed\UnityEngine.dll" /reference:"C:\Program Files\Unity\Hub\Editor\2018.1.0f2\Editor\Data\UnityExtensions\Unity\Networking\UnityEngine.Networking.dll" /debug:pdbonly /filealign:512 /optimize+ /out:obj\Release\DuneNet.Server.dll /ruleset:"C:\Program Files (x86)\Microsoft Visual Studio\2019\BuildTools\Team Tools\Static Analysis Tools\\Rule Sets\MinimumRecommendedRules.ruleset" /subsystemversion:6.00 /target:library /utf8output Properties\AssemblyInfo.cs src\Controllers\EntityController.cs src\Controllers\EventController.cs src\Controllers\NetworkController.cs src\DuneBehaviour.cs src\DuneModule.cs src\DuneMonoBehaviour.cs src\DuneServer.cs src\Entities\Entity.cs src\Messages\ServerSetEntityNetVar.cs src\Messages\ServerSetEntityUMessage.cs src\Modules\NewConnectionModule.cs src\Modules\QuitModule.cs "C:\Users\carma\AppData\Local\Temp\.NETFramework,Version=v4.7.1.AssemblyAttributes.cs"
        Using shared compilation with compiler from directory: C:\Program Files (x86)\Microsoft Visual Studio\2019\BuildTools\MSBuild\Current\Bin\Roslyn
        src\DuneModule.cs(202,29): warning CS0108: 'DuneModule.StartCoroutine(IEnumerator)' hides inherited member 'DuneBehaviour.StartCoroutine(IEnumerator)'. Use the new keyword if hiding was intended.
        src\Controllers\NetworkController.cs(379,20): warning CS1591: Missing XML comment for publicly visible type or member 'NetworkController.GetConnectionAmount()'
        src\DuneBehaviour.cs(16,21): warning CS1591: Missing XML comment for publicly visible type or member 'DuneBehaviour.RegisterEventInstance()'
        src\DuneBehaviour.cs(21,19): warning CS1591: Missing XML comment for publicly visible type or member 'DuneBehaviour.DuneBehaviour()'
        src\DuneModule.cs(57,24): warning CS1591: Missing XML comment for publicly visible type or member 'DuneModule.OnHandshakeSuccessfulInternal(EventArguments)'
        src\DuneModule.cs(63,24): warning CS1591: Missing XML comment for publicly visible type or member 'DuneModule.OnHandshakeErrorInternal(EventArguments)'
        src\DuneModule.cs(69,24): warning CS1591: Missing XML comment for publicly visible type or member 'DuneModule.OnNetConnectedInternal(EventArguments)'
        src\DuneModule.cs(75,24): warning CS1591: Missing XML comment for publicly visible type or member 'DuneModule.OnNetDisconnectedInternal(EventArguments)'
        src\DuneModule.cs(83,24): warning CS1591: Missing XML comment for publicly visible type or member 'DuneModule.OnNetErrorInternal(EventArguments)'
        src\DuneModule.cs(91,24): warning CS1591: Missing XML comment for publicly visible type or member 'DuneModule.OnNetReadyInternal(EventArguments)'
        src\DuneModule.cs(97,24): warning CS1591: Missing XML comment for publicly visible type or member 'DuneModule.OnNetNotReadyInternal(EventArguments)'
        src\DuneMonoBehaviour.cs(15,21): warning CS1591: Missing XML comment for publicly visible type or member 'DuneMonoBehaviour.RegisterEventInstance()'
        src\Entities\Entity.cs(29,21): warning CS1591: Missing XML comment for publicly visible type or member 'Entity.RegisterEventInstance()'
        src\Entities\Entity.cs(34,40): warning CS1591: Missing XML comment for publicly visible type or member 'Entity.Awake()'
        src\Entities\Entity.cs(41,40): warning CS1591: Missing XML comment for publicly visible type or member 'Entity.Start()'
        src\Entities\Entity.cs(46,40): warning CS1591: Missing XML comment for publicly visible type or member 'Entity.Update()'
        src\Entities\Entity.cs(51,40): warning CS1591: Missing XML comment for publicly visible type or member 'Entity.FixedUpdate()'
        src\Entities\Entity.cs(72,40): warning CS1591: Missing XML comment for publicly visible type or member 'Entity.LateUpdate()'
        src\Entities\Entity.cs(105,40): warning CS1591: Missing XML comment for publicly visible type or member 'Entity.OnEntityDestroyedInternal()'
        src\Modules\NewConnectionModule.cs(14,33): warning CS1591: Missing XML comment for publicly visible type or member 'NewConnectionModule.OnNetReady(DuneConnection)'
        src\Modules\QuitModule.cs(3,18): warning CS1591: Missing XML comment for publicly visible type or member 'QuitModule'
        src\Modules\QuitModule.cs(5,33): warning CS1591: Missing XML comment for publicly visible type or member 'QuitModule.OnStopUsing()'
    Done building target "CoreCompile" in project "Server.csproj".
    Target _CopyFilesMarkedCopyLocal:
        Creating "H:\Work\repositories\dunenet\dunenet\Server\obj\Release\Server.csproj.CopyComplete" because "AlwaysCreate" was specified.
    Target GetCopyToOutputDirectoryItems:
        __________________________________________________
        Project "H:\Work\repositories\dunenet\dunenet\Server\Server.csproj" is building "H:\Work\repositories\dunenet\dunenet\Shared\Shared.csproj" (GetCopyToOutputDirectoryItems target(s)):

    Target CopyFilesToOutputDirectory:
        Copying file from "H:\Work\repositories\dunenet\dunenet\Server\obj\Release\DuneNet.Server.dll" to "H:\Work\repositories\dunenet\dunenet\target\Release\DuneNet.Server.dll".
        Server -> H:\Work\repositories\dunenet\dunenet\target\Release\DuneNet.Server.dll
        Copying file from "H:\Work\repositories\dunenet\dunenet\Server\obj\Release\DuneNet.Server.pdb" to "H:\Work\repositories\dunenet\dunenet\target\Release\DuneNet.Server.pdb".
        Copying file from "H:\Work\repositories\dunenet\dunenet\Server\DuneNet.Server.xml" to "H:\Work\repositories\dunenet\dunenet\target\Release\DuneNet.Server.xml".

    Done building project "Server.csproj".
    __________________________________________________
    Project "H:\Work\repositories\dunenet\dunenet\dunenet.sln" is building "H:\Work\repositories\dunenet\dunenet\Client\Client.csproj" (default targets):

    Target _GetProjectReferenceTargetFrameworkProperties:
        __________________________________________________
        Project "H:\Work\repositories\dunenet\dunenet\Client\Client.csproj" is building "H:\Work\repositories\dunenet\dunenet\Shared\Shared.csproj" (GetTargetFrameworks target(s)):

    Target ResolveProjectReferences:
        __________________________________________________
        Project "H:\Work\repositories\dunenet\dunenet\Client\Client.csproj" is building "H:\Work\repositories\dunenet\dunenet\Shared\Shared.csproj" (default targets):

        __________________________________________________
        Project "H:\Work\repositories\dunenet\dunenet\Client\Client.csproj" is building "H:\Work\repositories\dunenet\dunenet\Shared\Shared.csproj" (GetNativeManifest target(s)):

    Target GenerateTargetFrameworkMonikerAttribute:
      Skipping target "GenerateTargetFrameworkMonikerAttribute" because all output files are up-to-date with respect to the input files.
    Target CoreCompile:
        C:\Program Files (x86)\Microsoft Visual Studio\2019\BuildTools\MSBuild\Current\Bin\Roslyn\csc.exe /noconfig /nowarn:1701,1702 /nostdlib+ /platform:AnyCPU /errorreport:prompt /warn:4 /doc:DuneNet.Client.xml /define:TRACE /highentropyva+ /reference:H:\Work\repositories\dunenet\dunenet\target\Release\DuneNet.Shared.dll /reference:"C:\Program Files (x86)\Reference Assemblies\Microsoft\Framework\.NETFramework\v4.7.1\mscorlib.dll" /reference:"C:\Program Files (x86)\Reference Assemblies\Microsoft\Framework\.NETFramework\v4.7.1\System.Core.dll" /reference:"C:\Program Files (x86)\Reference Assemblies\Microsoft\Framework\.NETFramework\v4.7.1\System.dll" /reference:"C:\Program Files (x86)\Reference Assemblies\Microsoft\Framework\.NETFramework\v4.7.1\System.Xml.dll" /reference:"C:\Program Files\Unity\Hub\Editor\2018.1.0f2\Editor\Data\Managed\UnityEngine.dll" /reference:"C:\Program Files\Unity\Hub\Editor\2018.1.0f2\Editor\Data\UnityExtensions\Unity\Networking\UnityEngine.Networking.dll" /debug:pdbonly /filealign:512 /optimize+ /out:obj\Release\DuneNet.Client.dll /ruleset:"C:\Program Files (x86)\Microsoft Visual Studio\2019\BuildTools\Team Tools\Static Analysis Tools\\Rule Sets\MinimumRecommendedRules.ruleset" /subsystemversion:6.00 /target:library /utf8output Properties\AssemblyInfo.cs src\Controllers\EntityController.cs src\Controllers\EventController.cs src\Controllers\NetworkController.cs src\DuneBehaviour.cs src\DuneClient.cs src\DuneModule.cs src\DuneMonoBehaviour.cs src\Entities\Entity.cs src\Entities\EntityState.cs src\Messages\ClientSetEntityNetVar.cs src\Messages\ClientSetEntityUMessage.cs src\Modules\DisconnectModule.cs src\Modules\QuitModule.cs "C:\Users\carma\AppData\Local\Temp\.NETFramework,Version=v4.7.1.AssemblyAttributes.cs"
        Using shared compilation with compiler from directory: C:\Program Files (x86)\Microsoft Visual Studio\2019\BuildTools\MSBuild\Current\Bin\Roslyn
        src\DuneModule.cs(239,29): warning CS0108: 'DuneModule.StartCoroutine(IEnumerator)' hides inherited member 'DuneBehaviour.StartCoroutine(IEnumerator)'. Use the new keyword if hiding was intended.
        src\DuneBehaviour.cs(16,21): warning CS1591: Missing XML comment for publicly visible type or member 'DuneBehaviour.RegisterEventInstance()'
        src\DuneBehaviour.cs(21,19): warning CS1591: Missing XML comment for publicly visible type or member 'DuneBehaviour.DuneBehaviour()'
        src\DuneModule.cs(57,24): warning CS1591: Missing XML comment for publicly visible type or member 'DuneModule.OnHandshakeSuccessfulInternal(EventArguments)'
        src\DuneModule.cs(63,24): warning CS1591: Missing XML comment for publicly visible type or member 'DuneModule.OnHandshakeErrorInternal(EventArguments)'
        src\DuneModule.cs(69,24): warning CS1591: Missing XML comment for publicly visible type or member 'DuneModule.OnNetConnectedInternal(EventArguments)'
        src\DuneModule.cs(75,24): warning CS1591: Missing XML comment for publicly visible type or member 'DuneModule.OnNetDisconnectedInternal(EventArguments)'
        src\DuneModule.cs(81,24): warning CS1591: Missing XML comment for publicly visible type or member 'DuneModule.OnNetTimeoutInternal(EventArguments)'
        src\DuneModule.cs(87,24): warning CS1591: Missing XML comment for publicly visible type or member 'DuneModule.OnNetBadMessageInternal(EventArguments)'
        src\DuneModule.cs(93,24): warning CS1591: Missing XML comment for publicly visible type or member 'DuneModule.OnNetDnsFailureInternal(EventArguments)'
        src\DuneModule.cs(99,24): warning CS1591: Missing XML comment for publicly visible type or member 'DuneModule.OnNetErrorUnknownInternal(EventArguments)'
        src\DuneModule.cs(105,24): warning CS1591: Missing XML comment for publicly visible type or member 'DuneModule.OnNetReadyInternal(EventArguments)'
        src\DuneModule.cs(111,24): warning CS1591: Missing XML comment for publicly visible type or member 'DuneModule.OnNetNotReadyInternal(EventArguments)'
        src\DuneMonoBehaviour.cs(15,21): warning CS1591: Missing XML comment for publicly visible type or member 'DuneMonoBehaviour.RegisterEventInstance()'
        src\Entities\Entity.cs(29,21): warning CS1591: Missing XML comment for publicly visible type or member 'Entity.RegisterEventInstance()'
        src\Entities\Entity.cs(34,40): warning CS1591: Missing XML comment for publicly visible type or member 'Entity.Awake()'
        src\Entities\Entity.cs(43,40): warning CS1591: Missing XML comment for publicly visible type or member 'Entity.Start()'
        src\Entities\Entity.cs(48,40): warning CS1591: Missing XML comment for publicly visible type or member 'Entity.Update()'
        src\Entities\Entity.cs(54,40): warning CS1591: Missing XML comment for publicly visible type or member 'Entity.FixedUpdate()'
        src\Entities\Entity.cs(70,40): warning CS1591: Missing XML comment for publicly visible type or member 'Entity.LateUpdate()'
        src\Modules\DisconnectModule.cs(14,33): warning CS1591: Missing XML comment for publicly visible type or member 'DisconnectModule.OnNetDisconnected(DuneConnection)'
        src\Modules\QuitModule.cs(3,18): warning CS1591: Missing XML comment for publicly visible type or member 'QuitModule'
        src\Modules\QuitModule.cs(5,33): warning CS1591: Missing XML comment for publicly visible type or member 'QuitModule.OnStopUsing()'
    Done building target "CoreCompile" in project "Client.csproj".
    Target _CopyFilesMarkedCopyLocal:
        Creating "H:\Work\repositories\dunenet\dunenet\Client\obj\Release\Client.csproj.CopyComplete" because "AlwaysCreate" was specified.
    Target GetCopyToOutputDirectoryItems:
        __________________________________________________
        Project "H:\Work\repositories\dunenet\dunenet\Client\Client.csproj" is building "H:\Work\repositories\dunenet\dunenet\Shared\Shared.csproj" (GetCopyToOutputDirectoryItems target(s)):

    Target CopyFilesToOutputDirectory:
        Copying file from "H:\Work\repositories\dunenet\dunenet\Client\obj\Release\DuneNet.Client.dll" to "H:\Work\repositories\dunenet\dunenet\target\Release\DuneNet.Client.dll".
        Client -> H:\Work\repositories\dunenet\dunenet\target\Release\DuneNet.Client.dll
        Copying file from "H:\Work\repositories\dunenet\dunenet\Client\obj\Release\DuneNet.Client.pdb" to "H:\Work\repositories\dunenet\dunenet\target\Release\DuneNet.Client.pdb".
        Copying file from "H:\Work\repositories\dunenet\dunenet\Client\DuneNet.Client.xml" to "H:\Work\repositories\dunenet\dunenet\target\Release\DuneNet.Client.xml".

    Done building project "Client.csproj".
    __________________________________________________
    Project "H:\Work\repositories\dunenet\dunenet\dunenet.sln" is building "H:\Work\repositories\dunenet\dunenet\Editor.Client\Editor.Client.csproj" (default targets):

    Target PrepareForBuild:
        Creating directory "..\target\Release\Editor\".
        Creating directory "obj\Release\".
    Target _GetProjectReferenceTargetFrameworkProperties:
        __________________________________________________
        Project "H:\Work\repositories\dunenet\dunenet\Editor.Client\Editor.Client.csproj" is building "H:\Work\repositories\dunenet\dunenet\Shared\Shared.csproj" (GetTargetFrameworks target(s)):

        __________________________________________________
        Project "H:\Work\repositories\dunenet\dunenet\Editor.Client\Editor.Client.csproj" is building "H:\Work\repositories\dunenet\dunenet\Client\Client.csproj" (GetTargetFrameworks target(s)):

        __________________________________________________
        Project "H:\Work\repositories\dunenet\dunenet\Editor.Client\Editor.Client.csproj" is building "H:\Work\repositories\dunenet\dunenet\Editor.Shared\Editor.Shared.csproj" (GetTargetFrameworks target(s)):

    Target ResolveProjectReferences:
        __________________________________________________
        Project "H:\Work\repositories\dunenet\dunenet\Editor.Client\Editor.Client.csproj" is building "H:\Work\repositories\dunenet\dunenet\Client\Client.csproj" (default targets):

        __________________________________________________
        Project "H:\Work\repositories\dunenet\dunenet\Editor.Client\Editor.Client.csproj" is building "H:\Work\repositories\dunenet\dunenet\Shared\Shared.csproj" (default targets):

        __________________________________________________
        Project "H:\Work\repositories\dunenet\dunenet\Editor.Client\Editor.Client.csproj" is building "H:\Work\repositories\dunenet\dunenet\Editor.Shared\Editor.Shared.csproj" (default targets):

        Target PrepareForBuild:
            Creating directory "..\target\Debug\Release\".
            Creating directory "obj\Release\".
        Target _GetProjectReferenceTargetFrameworkProperties:
            __________________________________________________
            Project "H:\Work\repositories\dunenet\dunenet\Editor.Shared\Editor.Shared.csproj" is building "H:\Work\repositories\dunenet\dunenet\Shared\Shared.csproj" (GetTargetFrameworks target(s)):

        Target ResolveProjectReferences:
            __________________________________________________
            Project "H:\Work\repositories\dunenet\dunenet\Editor.Shared\Editor.Shared.csproj" is building "H:\Work\repositories\dunenet\dunenet\Shared\Shared.csproj" (default targets):

            __________________________________________________
            Project "H:\Work\repositories\dunenet\dunenet\Editor.Shared\Editor.Shared.csproj" is building "H:\Work\repositories\dunenet\dunenet\Shared\Shared.csproj" (GetNativeManifest target(s)):

        Target GenerateTargetFrameworkMonikerAttribute:
          Skipping target "GenerateTargetFrameworkMonikerAttribute" because all output files are up-to-date with respect to the input files.
        Target CoreCompile:
            C:\Program Files (x86)\Microsoft Visual Studio\2019\BuildTools\MSBuild\Current\Bin\Roslyn\csc.exe /noconfig /nowarn:1701,1702 /nostdlib+ /platform:AnyCPU /errorreport:prompt /warn:4 /doc:DuneNet.Editor.Shared.xml /define:TRACE /highentropyva+ /reference:H:\Work\repositories\dunenet\dunenet\target\Release\DuneNet.Shared.dll /reference:"C:\Program Files (x86)\Reference Assemblies\Microsoft\Framework\.NETFramework\v4.7.1\mscorlib.dll" /reference:"C:\Program Files (x86)\Reference Assemblies\Microsoft\Framework\.NETFramework\v4.7.1\System.Core.dll" /reference:"C:\Program Files (x86)\Reference Assemblies\Microsoft\Framework\.NETFramework\v4.7.1\System.dll" /reference:"C:\Program Files (x86)\Reference Assemblies\Microsoft\Framework\.NETFramework\v4.7.1\System.Xml.dll" /reference:"C:\Program Files\Unity\Hub\Editor\2018.1.0f2\Editor\Data\Managed\UnityEditor.dll" /reference:"C:\Program Files\Unity\Hub\Editor\2018.1.0f2\Editor\Data\Managed\UnityEngine.dll" /reference:"C:\Program Files\Unity\Hub\Editor\2018.1.0f2\Editor\Data\UnityExtensions\Unity\Networking\UnityEngine.Networking.dll" /reference:"C:\Program Files\Unity\Hub\Editor\2018.1.0f2\Editor\Data\UnityExtensions\Unity\GUISystem\UnityEngine.UI.dll" /debug:pdbonly /filealign:512 /optimize+ /out:obj\Release\DuneNet.Editor.Shared.dll /ruleset:"C:\Program Files (x86)\Microsoft Visual Studio\2019\BuildTools\Team Tools\Static Analysis Tools\\Rule Sets\MinimumRecommendedRules.ruleset" /subsystemversion:6.00 /target:library /utf8output Properties\AssemblyInfo.cs src\Init\DuneEditorInit.cs src\Inspectors\BaseEntityInspector.cs "C:\Users\carma\AppData\Local\Temp\.NETFramework,Version=v4.7.1.AssemblyAttributes.cs"
            Using shared compilation with compiler from directory: C:\Program Files (x86)\Microsoft Visual Studio\2019\BuildTools\MSBuild\Current\Bin\Roslyn
            src\Init\DuneEditorInit.cs(7,18): warning CS1591: Missing XML comment for publicly visible type or member 'DuneEditorInit'
            src\Inspectors\BaseEntityInspector.cs(9,18): warning CS1591: Missing XML comment for publicly visible type or member 'BaseEntityInspector'
            src\Inspectors\BaseEntityInspector.cs(11,30): warning CS1591: Missing XML comment for publicly visible type or member 'BaseEntityInspector.TargetEntity'
            src\Inspectors\BaseEntityInspector.cs(12,26): warning CS1591: Missing XML comment for publicly visible type or member 'BaseEntityInspector.Context'
            src\Inspectors\BaseEntityInspector.cs(13,25): warning CS1591: Missing XML comment for publicly visible type or member 'BaseEntityInspector.BaseColor'
            src\Inspectors\BaseEntityInspector.cs(14,25): warning CS1591: Missing XML comment for publicly visible type or member 'BaseEntityInspector.ContextColor'
            src\Inspectors\BaseEntityInspector.cs(16,28): warning CS1591: Missing XML comment for publicly visible type or member 'BaseEntityInspector.HeaderStyle'
            src\Inspectors\BaseEntityInspector.cs(17,28): warning CS1591: Missing XML comment for publicly visible type or member 'BaseEntityInspector.ElementStyle'
            src\Inspectors\BaseEntityInspector.cs(18,28): warning CS1591: Missing XML comment for publicly visible type or member 'BaseEntityInspector.ListStyle'
            src\Inspectors\BaseEntityInspector.cs(19,26): warning CS1591: Missing XML comment for publicly visible type or member 'BaseEntityInspector.CheckMark'
            src\Inspectors\BaseEntityInspector.cs(25,32): warning CS1591: Missing XML comment for publicly visible type or member 'BaseEntityInspector.OnEnable()'
            src\Inspectors\BaseEntityInspector.cs(75,30): warning CS1591: Missing XML comment for publicly visible type or member 'BaseEntityInspector.OnInspectorGUI()'
            src\Inspectors\BaseEntityInspector.cs(122,32): warning CS1591: Missing XML comment for publicly visible type or member 'BaseEntityInspector.RenderBaseElements(AnimBool, Color)'
            src\Inspectors\BaseEntityInspector.cs(166,32): warning CS1591: Missing XML comment for publicly visible type or member 'BaseEntityInspector.RenderContextElements(AnimBool, Color)'
        Done building target "CoreCompile" in project "Editor.Shared.csproj".
        Target _CopyFilesMarkedCopyLocal:
            Copying file from "H:\Work\repositories\dunenet\dunenet\target\Release\DuneNet.Shared.dll" to "H:\Work\repositories\dunenet\dunenet\target\Debug\Release\DuneNet.Shared.dll".
            Copying file from "C:\Program Files\Unity\Hub\Editor\2018.1.0f2\Editor\Data\Managed\Unity.SerializationLogic.dll" to "H:\Work\repositories\dunenet\dunenet\target\Debug\Release\Unity.SerializationLogic.dll".
            Copying file from "C:\Program Files\Unity\Hub\Editor\2018.1.0f2\Editor\Data\Managed\Unity.DataContract.dll" to "H:\Work\repositories\dunenet\dunenet\target\Debug\Release\Unity.DataContract.dll".
            Copying file from "C:\Program Files\Unity\Hub\Editor\2018.1.0f2\Editor\Data\Managed\ExCSS.Unity.dll" to "H:\Work\repositories\dunenet\dunenet\target\Debug\Release\ExCSS.Unity.dll".
            Copying file from "C:\Program Files\Unity\Hub\Editor\2018.1.0f2\Editor\Data\Managed\UnityEditor.dll" to "H:\Work\repositories\dunenet\dunenet\target\Debug\Release\UnityEditor.dll".
            Copying file from "C:\Program Files\Unity\Hub\Editor\2018.1.0f2\Editor\Data\Managed\UnityEngine.dll" to "H:\Work\repositories\dunenet\dunenet\target\Debug\Release\UnityEngine.dll".
            Copying file from "C:\Program Files\Unity\Hub\Editor\2018.1.0f2\Editor\Data\UnityExtensions\Unity\Networking\UnityEngine.Networking.dll" to "H:\Work\repositories\dunenet\dunenet\target\Debug\Release\UnityEngine.Networking.dll".
            Copying file from "C:\Program Files\Unity\Hub\Editor\2018.1.0f2\Editor\Data\Managed\Unity.Cecil.dll" to "H:\Work\repositories\dunenet\dunenet\target\Debug\Release\Unity.Cecil.dll".
            Copying file from "C:\Program Files\Unity\Hub\Editor\2018.1.0f2\Editor\Data\UnityExtensions\Unity\GUISystem\UnityEngine.UI.dll" to "H:\Work\repositories\dunenet\dunenet\target\Debug\Release\UnityEngine.UI.dll".
            Copying file from "C:\Program Files\Unity\Hub\Editor\2018.1.0f2\Editor\Data\Managed\Unity.UNetWeaver.dll" to "H:\Work\repositories\dunenet\dunenet\target\Debug\Release\Unity.UNetWeaver.dll".
            Copying file from "C:\Program Files\Unity\Hub\Editor\2018.1.0f2\Editor\Data\Managed\Unity.CecilTools.dll" to "H:\Work\repositories\dunenet\dunenet\target\Debug\Release\Unity.CecilTools.dll".
            Copying file from "H:\Work\repositories\dunenet\dunenet\target\Release\DuneNet.Shared.pdb" to "H:\Work\repositories\dunenet\dunenet\target\Debug\Release\DuneNet.Shared.pdb".
            Copying file from "C:\Program Files\Unity\Hub\Editor\2018.1.0f2\Editor\Data\Managed\Unity.Legacy.NRefactory.dll" to "H:\Work\repositories\dunenet\dunenet\target\Debug\Release\Unity.Legacy.NRefactory.dll".
            Copying file from "C:\Program Files\Unity\Hub\Editor\2018.1.0f2\Editor\Data\Managed\Unity.Cecil.Mdb.dll" to "H:\Work\repositories\dunenet\dunenet\target\Debug\Release\Unity.Cecil.Mdb.dll".
            Copying file from "H:\Work\repositories\dunenet\dunenet\target\Release\DuneNet.Shared.xml" to "H:\Work\repositories\dunenet\dunenet\target\Debug\Release\DuneNet.Shared.xml".
            Copying file from "C:\Program Files\Unity\Hub\Editor\2018.1.0f2\Editor\Data\Managed\UnityEngine.xml" to "H:\Work\repositories\dunenet\dunenet\target\Debug\Release\UnityEngine.xml".
            Copying file from "C:\Program Files\Unity\Hub\Editor\2018.1.0f2\Editor\Data\UnityExtensions\Unity\Networking\UnityEngine.Networking.xml" to "H:\Work\repositories\dunenet\dunenet\target\Debug\Release\UnityEngine.Networking.xml".
            Copying file from "C:\Program Files\Unity\Hub\Editor\2018.1.0f2\Editor\Data\Managed\Unity.Cecil.Pdb.dll" to "H:\Work\repositories\dunenet\dunenet\target\Debug\Release\Unity.Cecil.Pdb.dll".
            Copying file from "C:\Program Files\Unity\Hub\Editor\2018.1.0f2\Editor\Data\UnityExtensions\Unity\GUISystem\UnityEngine.UI.xml" to "H:\Work\repositories\dunenet\dunenet\target\Debug\Release\UnityEngine.UI.xml".
            Copying file from "C:\Program Files\Unity\Hub\Editor\2018.1.0f2\Editor\Data\Managed\UnityEditor.xml" to "H:\Work\repositories\dunenet\dunenet\target\Debug\Release\UnityEditor.xml".
            Creating "H:\Work\repositories\dunenet\dunenet\Editor.Shared\obj\Release\Editor.Shared.csproj.CopyComplete" because "AlwaysCreate" was specified.
        Target GetCopyToOutputDirectoryItems:
            __________________________________________________
            Project "H:\Work\repositories\dunenet\dunenet\Editor.Shared\Editor.Shared.csproj" is building "H:\Work\repositories\dunenet\dunenet\Shared\Shared.csproj" (GetCopyToOutputDirectoryItems target(s)):

        Target CopyFilesToOutputDirectory:
            Copying file from "H:\Work\repositories\dunenet\dunenet\Editor.Shared\obj\Release\DuneNet.Editor.Shared.dll" to "H:\Work\repositories\dunenet\dunenet\target\Debug\Release\DuneNet.Editor.Shared.dll".
            Editor.Shared -> H:\Work\repositories\dunenet\dunenet\target\Debug\Release\DuneNet.Editor.Shared.dll
            Copying file from "H:\Work\repositories\dunenet\dunenet\Editor.Shared\obj\Release\DuneNet.Editor.Shared.pdb" to "H:\Work\repositories\dunenet\dunenet\target\Debug\Release\DuneNet.Editor.Shared.pdb".
            Copying file from "H:\Work\repositories\dunenet\dunenet\Editor.Shared\DuneNet.Editor.Shared.xml" to "H:\Work\repositories\dunenet\dunenet\target\Debug\Release\DuneNet.Editor.Shared.xml".

        Done building project "Editor.Shared.csproj".
        __________________________________________________
        Project "H:\Work\repositories\dunenet\dunenet\Editor.Client\Editor.Client.csproj" is building "H:\Work\repositories\dunenet\dunenet\Editor.Shared\Editor.Shared.csproj" (default targets):

        __________________________________________________
        Project "H:\Work\repositories\dunenet\dunenet\Editor.Client\Editor.Client.csproj" is building "H:\Work\repositories\dunenet\dunenet\Shared\Shared.csproj" (GetNativeManifest target(s)):

        __________________________________________________
        Project "H:\Work\repositories\dunenet\dunenet\Editor.Client\Editor.Client.csproj" is building "H:\Work\repositories\dunenet\dunenet\Client\Client.csproj" (GetNativeManifest target(s)):

        __________________________________________________
        Project "H:\Work\repositories\dunenet\dunenet\Editor.Client\Editor.Client.csproj" is building "H:\Work\repositories\dunenet\dunenet\Editor.Shared\Editor.Shared.csproj" (GetNativeManifest target(s)):

    Target GenerateTargetFrameworkMonikerAttribute:
      Skipping target "GenerateTargetFrameworkMonikerAttribute" because all output files are up-to-date with respect to the input files.
    Target CoreCompile:
        C:\Program Files (x86)\Microsoft Visual Studio\2019\BuildTools\MSBuild\Current\Bin\Roslyn\csc.exe /noconfig /nowarn:1701,1702 /nostdlib+ /platform:AnyCPU /errorreport:prompt /warn:4 /doc:DuneNet.Editor.Client.xml /define:TRACE /highentropyva+ /reference:H:\Work\repositories\dunenet\dunenet\target\Release\DuneNet.Client.dll /reference:H:\Work\repositories\dunenet\dunenet\target\Debug\Release\DuneNet.Editor.Shared.dll /reference:H:\Work\repositories\dunenet\dunenet\target\Release\DuneNet.Shared.dll /reference:"C:\Program Files (x86)\Reference Assemblies\Microsoft\Framework\.NETFramework\v4.7.1\mscorlib.dll" /reference:"C:\Program Files (x86)\Reference Assemblies\Microsoft\Framework\.NETFramework\v4.7.1\System.Core.dll" /reference:"C:\Program Files (x86)\Reference Assemblies\Microsoft\Framework\.NETFramework\v4.7.1\System.dll" /reference:"C:\Program Files (x86)\Reference Assemblies\Microsoft\Framework\.NETFramework\v4.7.1\System.Xml.dll" /reference:"C:\Program Files\Unity\Hub\Editor\2018.1.0f2\Editor\Data\Managed\UnityEditor.dll" /reference:"C:\Program Files\Unity\Hub\Editor\2018.1.0f2\Editor\Data\Managed\UnityEngine.dll" /reference:"C:\Program Files\Unity\Hub\Editor\2018.1.0f2\Editor\Data\UnityExtensions\Unity\Networking\UnityEngine.Networking.dll" /reference:"C:\Program Files\Unity\Hub\Editor\2018.1.0f2\Editor\Data\UnityExtensions\Unity\GUISystem\UnityEngine.UI.dll" /debug:pdbonly /filealign:512 /optimize+ /out:obj\Release\DuneNet.Editor.Client.dll /ruleset:"C:\Program Files (x86)\Microsoft Visual Studio\2019\BuildTools\Team Tools\Static Analysis Tools\\Rule Sets\MinimumRecommendedRules.ruleset" /subsystemversion:6.00 /target:library /utf8output Properties\AssemblyInfo.cs src\Inspectors\EntityInspector.cs "C:\Users\carma\AppData\Local\Temp\.NETFramework,Version=v4.7.1.AssemblyAttributes.cs"
        Using shared compilation with compiler from directory: C:\Program Files (x86)\Microsoft Visual Studio\2019\BuildTools\MSBuild\Current\Bin\Roslyn
        src\Inspectors\EntityInspector.cs(10,18): warning CS1591: Missing XML comment for publicly visible type or member 'EntityInspector'
        src\Inspectors\EntityInspector.cs(14,33): warning CS1591: Missing XML comment for publicly visible type or member 'EntityInspector.OnEnable()'
        src\Inspectors\EntityInspector.cs(21,33): warning CS1591: Missing XML comment for publicly visible type or member 'EntityInspector.RenderContextElements(AnimBool, Color)'
    Done building target "CoreCompile" in project "Editor.Client.csproj".
    Target _CopyFilesMarkedCopyLocal:
        Copying file from "H:\Work\repositories\dunenet\dunenet\target\Release\DuneNet.Client.dll" to "H:\Work\repositories\dunenet\dunenet\target\Release\Editor\DuneNet.Client.dll".
        Copying file from "H:\Work\repositories\dunenet\dunenet\target\Release\DuneNet.Shared.dll" to "H:\Work\repositories\dunenet\dunenet\target\Release\Editor\DuneNet.Shared.dll".
        Copying file from "C:\Program Files\Unity\Hub\Editor\2018.1.0f2\Editor\Data\UnityExtensions\Unity\GUISystem\UnityEngine.UI.dll" to "H:\Work\repositories\dunenet\dunenet\target\Release\Editor\UnityEngine.UI.dll".
        Copying file from "C:\Program Files\Unity\Hub\Editor\2018.1.0f2\Editor\Data\Managed\Unity.Cecil.dll" to "H:\Work\repositories\dunenet\dunenet\target\Release\Editor\Unity.Cecil.dll".
        Copying file from "C:\Program Files\Unity\Hub\Editor\2018.1.0f2\Editor\Data\Managed\Unity.SerializationLogic.dll" to "H:\Work\repositories\dunenet\dunenet\target\Release\Editor\Unity.SerializationLogic.dll".
        Copying file from "C:\Program Files\Unity\Hub\Editor\2018.1.0f2\Editor\Data\Managed\Unity.DataContract.dll" to "H:\Work\repositories\dunenet\dunenet\target\Release\Editor\Unity.DataContract.dll".
        Copying file from "C:\Program Files\Unity\Hub\Editor\2018.1.0f2\Editor\Data\Managed\ExCSS.Unity.dll" to "H:\Work\repositories\dunenet\dunenet\target\Release\Editor\ExCSS.Unity.dll".
        Copying file from "C:\Program Files\Unity\Hub\Editor\2018.1.0f2\Editor\Data\Managed\UnityEngine.dll" to "H:\Work\repositories\dunenet\dunenet\target\Release\Editor\UnityEngine.dll".
        Copying file from "H:\Work\repositories\dunenet\dunenet\target\Debug\Release\DuneNet.Editor.Shared.dll" to "H:\Work\repositories\dunenet\dunenet\target\Release\Editor\DuneNet.Editor.Shared.dll".
        Copying file from "C:\Program Files\Unity\Hub\Editor\2018.1.0f2\Editor\Data\UnityExtensions\Unity\Networking\UnityEngine.Networking.dll" to "H:\Work\repositories\dunenet\dunenet\target\Release\Editor\UnityEngine.Networking.dll".
        Copying file from "C:\Program Files\Unity\Hub\Editor\2018.1.0f2\Editor\Data\Managed\UnityEditor.dll" to "H:\Work\repositories\dunenet\dunenet\target\Release\Editor\UnityEditor.dll".
        Copying file from "C:\Program Files\Unity\Hub\Editor\2018.1.0f2\Editor\Data\Managed\Unity.Cecil.Pdb.dll" to "H:\Work\repositories\dunenet\dunenet\target\Release\Editor\Unity.Cecil.Pdb.dll".
        Copying file from "C:\Program Files\Unity\Hub\Editor\2018.1.0f2\Editor\Data\Managed\Unity.Cecil.Mdb.dll" to "H:\Work\repositories\dunenet\dunenet\target\Release\Editor\Unity.Cecil.Mdb.dll".
        Copying file from "H:\Work\repositories\dunenet\dunenet\target\Release\DuneNet.Client.pdb" to "H:\Work\repositories\dunenet\dunenet\target\Release\Editor\DuneNet.Client.pdb".
        Copying file from "H:\Work\repositories\dunenet\dunenet\target\Release\DuneNet.Client.xml" to "H:\Work\repositories\dunenet\dunenet\target\Release\Editor\DuneNet.Client.xml".
        Copying file from "C:\Program Files\Unity\Hub\Editor\2018.1.0f2\Editor\Data\Managed\Unity.Legacy.NRefactory.dll" to "H:\Work\repositories\dunenet\dunenet\target\Release\Editor\Unity.Legacy.NRefactory.dll".
        Copying file from "C:\Program Files\Unity\Hub\Editor\2018.1.0f2\Editor\Data\Managed\Unity.UNetWeaver.dll" to "H:\Work\repositories\dunenet\dunenet\target\Release\Editor\Unity.UNetWeaver.dll".
        Copying file from "H:\Work\repositories\dunenet\dunenet\target\Debug\Release\DuneNet.Editor.Shared.xml" to "H:\Work\repositories\dunenet\dunenet\target\Release\Editor\DuneNet.Editor.Shared.xml".
        Copying file from "H:\Work\repositories\dunenet\dunenet\target\Release\DuneNet.Shared.pdb" to "H:\Work\repositories\dunenet\dunenet\target\Release\Editor\DuneNet.Shared.pdb".
        Copying file from "C:\Program Files\Unity\Hub\Editor\2018.1.0f2\Editor\Data\Managed\Unity.CecilTools.dll" to "H:\Work\repositories\dunenet\dunenet\target\Release\Editor\Unity.CecilTools.dll".
        Copying file from "H:\Work\repositories\dunenet\dunenet\target\Release\DuneNet.Shared.xml" to "H:\Work\repositories\dunenet\dunenet\target\Release\Editor\DuneNet.Shared.xml".
        Copying file from "C:\Program Files\Unity\Hub\Editor\2018.1.0f2\Editor\Data\Managed\UnityEditor.xml" to "H:\Work\repositories\dunenet\dunenet\target\Release\Editor\UnityEditor.xml".
        Copying file from "C:\Program Files\Unity\Hub\Editor\2018.1.0f2\Editor\Data\Managed\UnityEngine.xml" to "H:\Work\repositories\dunenet\dunenet\target\Release\Editor\UnityEngine.xml".
        Copying file from "C:\Program Files\Unity\Hub\Editor\2018.1.0f2\Editor\Data\UnityExtensions\Unity\Networking\UnityEngine.Networking.xml" to "H:\Work\repositories\dunenet\dunenet\target\Release\Editor\UnityEngine.Networking.xml".
        Copying file from "H:\Work\repositories\dunenet\dunenet\target\Debug\Release\DuneNet.Editor.Shared.pdb" to "H:\Work\repositories\dunenet\dunenet\target\Release\Editor\DuneNet.Editor.Shared.pdb".
        Copying file from "C:\Program Files\Unity\Hub\Editor\2018.1.0f2\Editor\Data\UnityExtensions\Unity\GUISystem\UnityEngine.UI.xml" to "H:\Work\repositories\dunenet\dunenet\target\Release\Editor\UnityEngine.UI.xml".
        Creating "H:\Work\repositories\dunenet\dunenet\Editor.Client\obj\Release\Editor.Client.csproj.CopyComplete" because "AlwaysCreate" was specified.
    Target GetCopyToOutputDirectoryItems:
        __________________________________________________
        Project "H:\Work\repositories\dunenet\dunenet\Editor.Client\Editor.Client.csproj" is building "H:\Work\repositories\dunenet\dunenet\Client\Client.csproj" (GetCopyToOutputDirectoryItems target(s)):

        __________________________________________________
        Project "H:\Work\repositories\dunenet\dunenet\Editor.Client\Editor.Client.csproj" is building "H:\Work\repositories\dunenet\dunenet\Editor.Shared\Editor.Shared.csproj" (GetCopyToOutputDirectoryItems target(s)):

        __________________________________________________
        Project "H:\Work\repositories\dunenet\dunenet\Editor.Client\Editor.Client.csproj" is building "H:\Work\repositories\dunenet\dunenet\Shared\Shared.csproj" (GetCopyToOutputDirectoryItems target(s)):

    Target CopyFilesToOutputDirectory:
        Copying file from "H:\Work\repositories\dunenet\dunenet\Editor.Client\obj\Release\DuneNet.Editor.Client.dll" to "H:\Work\repositories\dunenet\dunenet\target\Release\Editor\DuneNet.Editor.Client.dll".
        Editor.Client -> H:\Work\repositories\dunenet\dunenet\target\Release\Editor\DuneNet.Editor.Client.dll
        Copying file from "H:\Work\repositories\dunenet\dunenet\Editor.Client\obj\Release\DuneNet.Editor.Client.pdb" to "H:\Work\repositories\dunenet\dunenet\target\Release\Editor\DuneNet.Editor.Client.pdb".
        Copying file from "H:\Work\repositories\dunenet\dunenet\Editor.Client\DuneNet.Editor.Client.xml" to "H:\Work\repositories\dunenet\dunenet\target\Release\Editor\DuneNet.Editor.Client.xml".

    Done building project "Editor.Client.csproj".
    __________________________________________________
    Project "H:\Work\repositories\dunenet\dunenet\dunenet.sln" is building "H:\Work\repositories\dunenet\dunenet\Editor.Server\Editor.Server.csproj" (default targets):

    Target PrepareForBuild:
        Creating directory "obj\Release\".
    Target _GetProjectReferenceTargetFrameworkProperties:
        __________________________________________________
        Project "H:\Work\repositories\dunenet\dunenet\Editor.Server\Editor.Server.csproj" is building "H:\Work\repositories\dunenet\dunenet\Editor.Shared\Editor.Shared.csproj" (GetTargetFrameworks target(s)):

        __________________________________________________
        Project "H:\Work\repositories\dunenet\dunenet\Editor.Server\Editor.Server.csproj" is building "H:\Work\repositories\dunenet\dunenet\Shared\Shared.csproj" (GetTargetFrameworks target(s)):

        __________________________________________________
        Project "H:\Work\repositories\dunenet\dunenet\Editor.Server\Editor.Server.csproj" is building "H:\Work\repositories\dunenet\dunenet\Server\Server.csproj" (GetTargetFrameworks target(s)):

    Target ResolveProjectReferences:
        __________________________________________________
        Project "H:\Work\repositories\dunenet\dunenet\Editor.Server\Editor.Server.csproj" is building "H:\Work\repositories\dunenet\dunenet\Editor.Shared\Editor.Shared.csproj" (default targets):

        __________________________________________________
        Project "H:\Work\repositories\dunenet\dunenet\Editor.Server\Editor.Server.csproj" is building "H:\Work\repositories\dunenet\dunenet\Server\Server.csproj" (default targets):

        __________________________________________________
        Project "H:\Work\repositories\dunenet\dunenet\Editor.Server\Editor.Server.csproj" is building "H:\Work\repositories\dunenet\dunenet\Shared\Shared.csproj" (default targets):

        __________________________________________________
        Project "H:\Work\repositories\dunenet\dunenet\Editor.Server\Editor.Server.csproj" is building "H:\Work\repositories\dunenet\dunenet\Editor.Shared\Editor.Shared.csproj" (GetNativeManifest target(s)):

        __________________________________________________
        Project "H:\Work\repositories\dunenet\dunenet\Editor.Server\Editor.Server.csproj" is building "H:\Work\repositories\dunenet\dunenet\Shared\Shared.csproj" (GetNativeManifest target(s)):

        __________________________________________________
        Project "H:\Work\repositories\dunenet\dunenet\Editor.Server\Editor.Server.csproj" is building "H:\Work\repositories\dunenet\dunenet\Server\Server.csproj" (GetNativeManifest target(s)):

    Target GenerateTargetFrameworkMonikerAttribute:
      Skipping target "GenerateTargetFrameworkMonikerAttribute" because all output files are up-to-date with respect to the input files.
    Target CoreCompile:
        C:\Program Files (x86)\Microsoft Visual Studio\2019\BuildTools\MSBuild\Current\Bin\Roslyn\csc.exe /noconfig /nowarn:1701,1702 /nostdlib+ /platform:AnyCPU /errorreport:prompt /warn:4 /doc:DuneNet.Editor.Server.xml /define:TRACE /highentropyva+ /reference:H:\Work\repositories\dunenet\dunenet\target\Debug\Release\DuneNet.Editor.Shared.dll /reference:H:\Work\repositories\dunenet\dunenet\target\Release\DuneNet.Server.dll /reference:H:\Work\repositories\dunenet\dunenet\target\Release\DuneNet.Shared.dll /reference:"C:\Program Files (x86)\Reference Assemblies\Microsoft\Framework\.NETFramework\v4.7.1\mscorlib.dll" /reference:"C:\Program Files (x86)\Reference Assemblies\Microsoft\Framework\.NETFramework\v4.7.1\System.Core.dll" /reference:"C:\Program Files (x86)\Reference Assemblies\Microsoft\Framework\.NETFramework\v4.7.1\System.dll" /reference:"C:\Program Files (x86)\Reference Assemblies\Microsoft\Framework\.NETFramework\v4.7.1\System.Xml.dll" /reference:"C:\Program Files\Unity\Hub\Editor\2018.1.0f2\Editor\Data\Managed\UnityEditor.dll" /reference:"C:\Program Files\Unity\Hub\Editor\2018.1.0f2\Editor\Data\Managed\UnityEngine.dll" /reference:"C:\Program Files\Unity\Hub\Editor\2018.1.0f2\Editor\Data\UnityExtensions\Unity\Networking\UnityEngine.Networking.dll" /reference:"C:\Program Files\Unity\Hub\Editor\2018.1.0f2\Editor\Data\UnityExtensions\Unity\GUISystem\UnityEngine.UI.dll" /debug:pdbonly /filealign:512 /optimize+ /out:obj\Release\DuneNet.Editor.Server.dll /ruleset:"C:\Program Files (x86)\Microsoft Visual Studio\2019\BuildTools\Team Tools\Static Analysis Tools\\Rule Sets\MinimumRecommendedRules.ruleset" /subsystemversion:6.00 /target:library /utf8output Properties\AssemblyInfo.cs src\Inspectors\EntityInspector.cs "C:\Users\carma\AppData\Local\Temp\.NETFramework,Version=v4.7.1.AssemblyAttributes.cs"
        Using shared compilation with compiler from directory: C:\Program Files (x86)\Microsoft Visual Studio\2019\BuildTools\MSBuild\Current\Bin\Roslyn
        src\Inspectors\EntityInspector.cs(10,18): warning CS1591: Missing XML comment for publicly visible type or member 'EntityInspector'
        src\Inspectors\EntityInspector.cs(14,33): warning CS1591: Missing XML comment for publicly visible type or member 'EntityInspector.OnEnable()'
        src\Inspectors\EntityInspector.cs(21,33): warning CS1591: Missing XML comment for publicly visible type or member 'EntityInspector.RenderContextElements(AnimBool, Color)'
    Done building target "CoreCompile" in project "Editor.Server.csproj".
    Target _CopyFilesMarkedCopyLocal:
        Copying file from "H:\Work\repositories\dunenet\dunenet\target\Release\DuneNet.Server.dll" to "H:\Work\repositories\dunenet\dunenet\target\Release\Editor\DuneNet.Server.dll".
        Copying file from "H:\Work\repositories\dunenet\dunenet\target\Release\DuneNet.Server.xml" to "H:\Work\repositories\dunenet\dunenet\target\Release\Editor\DuneNet.Server.xml".
        Copying file from "H:\Work\repositories\dunenet\dunenet\target\Release\DuneNet.Server.pdb" to "H:\Work\repositories\dunenet\dunenet\target\Release\Editor\DuneNet.Server.pdb".
        Creating "H:\Work\repositories\dunenet\dunenet\Editor.Server\obj\Release\Editor.Server.csproj.CopyComplete" because "AlwaysCreate" was specified.
    Target GetCopyToOutputDirectoryItems:
        __________________________________________________
        Project "H:\Work\repositories\dunenet\dunenet\Editor.Server\Editor.Server.csproj" is building "H:\Work\repositories\dunenet\dunenet\Editor.Shared\Editor.Shared.csproj" (GetCopyToOutputDirectoryItems target(s)):

        __________________________________________________
        Project "H:\Work\repositories\dunenet\dunenet\Editor.Server\Editor.Server.csproj" is building "H:\Work\repositories\dunenet\dunenet\Server\Server.csproj" (GetCopyToOutputDirectoryItems target(s)):

        __________________________________________________
        Project "H:\Work\repositories\dunenet\dunenet\Editor.Server\Editor.Server.csproj" is building "H:\Work\repositories\dunenet\dunenet\Shared\Shared.csproj" (GetCopyToOutputDirectoryItems target(s)):

    Target CopyFilesToOutputDirectory:
        Copying file from "H:\Work\repositories\dunenet\dunenet\Editor.Server\obj\Release\DuneNet.Editor.Server.dll" to "H:\Work\repositories\dunenet\dunenet\target\Release\Editor\DuneNet.Editor.Server.dll".
        Editor.Server -> H:\Work\repositories\dunenet\dunenet\target\Release\Editor\DuneNet.Editor.Server.dll
        Copying file from "H:\Work\repositories\dunenet\dunenet\Editor.Server\obj\Release\DuneNet.Editor.Server.pdb" to "H:\Work\repositories\dunenet\dunenet\target\Release\Editor\DuneNet.Editor.Server.pdb".
        Copying file from "H:\Work\repositories\dunenet\dunenet\Editor.Server\DuneNet.Editor.Server.xml" to "H:\Work\repositories\dunenet\dunenet\target\Release\Editor\DuneNet.Editor.Server.xml".

    Done building project "Editor.Server.csproj".

Build succeeded.

src\Controllers\BaseEntityController.cs(21,19): warning CS1591: Missing XML comment for publicly visible type or member 'BaseEntityController.BaseEntityController(NetworkContext)'
src\Controllers\BaseEntityController.cs(91,31): warning CS1591: Missing XML comment for publicly visible type or member 'BaseEntityController.GetEntityInfoInternal(string)'
src\Controllers\BaseEntityController.cs(100,24): warning CS1591: Missing XML comment for publicly visible type or member 'BaseEntityController.DestroyEntityInternal(BaseEntity)'
src\Controllers\BaseEntityController.cs(115,24): warning CS1591: Missing XML comment for publicly visible type or member 'BaseEntityController.DestroyAllEntitiesInternal()'
src\Controllers\BaseEntityController.cs(126,30): warning CS1591: Missing XML comment for publicly visible type or member 'BaseEntityController.GetEntityFromIdInternal(uint)'
src\Controllers\BaseEntityController.cs(133,34): warning CS1591: Missing XML comment for publicly visible type or member 'BaseEntityController.GetEntitiesInternal<T>()'
src\Controllers\BaseEntityController.cs(138,43): warning CS1591: Missing XML comment for publicly visible type or member 'BaseEntityController.GetEntitiesInternal()'
src\Controllers\BaseEntityController.cs(143,32): warning CS1591: Missing XML comment for publicly visible type or member 'BaseEntityController.AddEntity(BaseEntity)'
src\Controllers\BaseEventController.cs(23,19): warning CS1591: Missing XML comment for publicly visible type or member 'BaseEventController.BaseEventController(NetworkContext)'
src\Controllers\BaseEventController.cs(95,24): warning CS1591: Missing XML comment for publicly visible type or member 'BaseEventController.OnEventNetworkInvokeInternal(NetworkMessage)'
src\Controllers\BaseEventController.cs(103,24): warning CS1591: Missing XML comment for publicly visible type or member 'BaseEventController.InvokeEventInternal(string, EventArguments)'
src\Entities\BaseEntity.cs(17,24): warning CS1591: Missing XML comment for publicly visible type or member 'BaseEntity.DirtyBit'
src\Entities\BaseEntity.cs(18,25): warning CS1591: Missing XML comment for publicly visible type or member 'BaseEntity.NetUpdateTime'
src\Entities\BaseEntity.cs(20,32): warning CS1591: Missing XML comment for publicly visible type or member 'BaseEntity.Awake()'
src\Entities\BaseEntity.cs(25,32): warning CS1591: Missing XML comment for publicly visible type or member 'BaseEntity.Start()'
src\Entities\BaseEntity.cs(30,32): warning CS1591: Missing XML comment for publicly visible type or member 'BaseEntity.Update()'
src\Entities\BaseEntity.cs(35,32): warning CS1591: Missing XML comment for publicly visible type or member 'BaseEntity.FixedUpdate()'
src\Entities\BaseEntity.cs(40,32): warning CS1591: Missing XML comment for publicly visible type or member 'BaseEntity.LateUpdate()'
src\Entities\BaseEntity.cs(45,32): warning CS1591: Missing XML comment for publicly visible type or member 'BaseEntity.OnEntityDestroyedInternal()'
src\Entities\EntityRegAttribute.cs(56,98): warning CS1573: Parameter 'assetBundle' has no matching param tag in the XML comment for 'EntityRegAttribute.EntityRegAttribute(string, string, NetworkContext, string)' (but other parameters do)
src\Enums\NetworkContext.cs(8,9): warning CS1591: Missing XML comment for publicly visible type or member 'NetworkContext.Client'
src\Enums\NetworkContext.cs(9,9): warning CS1591: Missing XML comment for publicly visible type or member 'NetworkContext.Server'
src\Events\IEventCompatible.cs(3,22): warning CS1591: Missing XML comment for publicly visible type or member 'IEventCompatible'
src\Messages\MsgTypes.cs(13,28): warning CS1591: Missing XML comment for publicly visible type or member 'MsgTypes.RequestHandshake'
src\Messages\MsgTypes.cs(14,28): warning CS1591: Missing XML comment for publicly visible type or member 'MsgTypes.RespondHandshake'
src\Messages\MsgTypes.cs(16,28): warning CS1591: Missing XML comment for publicly visible type or member 'MsgTypes.SpawnEntity'
src\Messages\MsgTypes.cs(17,28): warning CS1591: Missing XML comment for publicly visible type or member 'MsgTypes.DestroyEntity'
src\Messages\MsgTypes.cs(18,28): warning CS1591: Missing XML comment for publicly visible type or member 'MsgTypes.UpdateEntityPositionAndRotation'
src\Messages\MsgTypes.cs(19,28): warning CS1591: Missing XML comment for publicly visible type or member 'MsgTypes.SetEntityPosition'
src\Messages\MsgTypes.cs(20,28): warning CS1591: Missing XML comment for publicly visible type or member 'MsgTypes.SetEntityRotation'
src\Messages\MsgTypes.cs(21,28): warning CS1591: Missing XML comment for publicly visible type or member 'MsgTypes.SetEntityParent'
src\Messages\MsgTypes.cs(22,28): warning CS1591: Missing XML comment for publicly visible type or member 'MsgTypes.SetEntityData'
src\Messages\MsgTypes.cs(23,28): warning CS1591: Missing XML comment for publicly visible type or member 'MsgTypes.SetEntityUMessage'
src\Messages\MsgTypes.cs(25,28): warning CS1591: Missing XML comment for publicly visible type or member 'MsgTypes.InvokeEvent'
src\Messages\SharedAuthorityMessage.cs(11,21): warning CS1591: Missing XML comment for publicly visible type or member 'SharedAuthorityMessage.HasAuthority'
src\Messages\SharedDestroyEntity.cs(5,18): warning CS1591: Missing XML comment for publicly visible type or member 'SharedDestroyEntity'
src\Messages\SharedDestroyEntity.cs(7,21): warning CS1591: Missing XML comment for publicly visible type or member 'SharedDestroyEntity.EntId'
src\Messages\SharedDestroyEntity.cs(9,16): warning CS1591: Missing XML comment for publicly visible type or member 'SharedDestroyEntity.SharedDestroyEntity()'
src\Messages\SharedDestroyEntity.cs(13,16): warning CS1591: Missing XML comment for publicly visible type or member 'SharedDestroyEntity.SharedDestroyEntity(uint)'
src\Messages\SharedDestroyEntity.cs(18,30): warning CS1591: Missing XML comment for publicly visible type or member 'SharedDestroyEntity.Serialize(NetworkWriter)'
src\Messages\SharedDestroyEntity.cs(23,30): warning CS1591: Missing XML comment for publicly visible type or member 'SharedDestroyEntity.Deserialize(NetworkReader)'
src\Messages\SharedHandshakeRequest.cs(6,18): warning CS1591: Missing XML comment for publicly visible type or member 'SharedHandshakeRequest'
src\Messages\SharedHandshakeRequest.cs(8,23): warning CS1591: Missing XML comment for publicly visible type or member 'SharedHandshakeRequest.IDToken'
src\Messages\SharedHandshakeRequest.cs(9,23): warning CS1591: Missing XML comment for publicly visible type or member 'SharedHandshakeRequest.Secret'
src\Messages\SharedHandshakeRequest.cs(11,16): warning CS1591: Missing XML comment for publicly visible type or member 'SharedHandshakeRequest.SharedHandshakeRequest()'
src\Messages\SharedHandshakeRequest.cs(15,16): warning CS1591: Missing XML comment for publicly visible type or member 'SharedHandshakeRequest.SharedHandshakeRequest(HandshakeRequest)'
src\Messages\SharedHandshakeRequest.cs(21,16): warning CS1591: Missing XML comment for publicly visible type or member 'SharedHandshakeRequest.SharedHandshakeRequest(string, byte[])'
src\Messages\SharedHandshakeRequest.cs(27,30): warning CS1591: Missing XML comment for publicly visible type or member 'SharedHandshakeRequest.Serialize(NetworkWriter)'
src\Messages\SharedHandshakeRequest.cs(33,30): warning CS1591: Missing XML comment for publicly visible type or member 'SharedHandshakeRequest.Deserialize(NetworkReader)'
src\Messages\SharedHandshakeResponse.cs(6,18): warning CS1591: Missing XML comment for publicly visible type or member 'SharedHandshakeResponse'
src\Messages\SharedHandshakeResponse.cs(8,21): warning CS1591: Missing XML comment for publicly visible type or member 'SharedHandshakeResponse.Allowed'
src\Messages\SharedHandshakeResponse.cs(9,23): warning CS1591: Missing XML comment for publicly visible type or member 'SharedHandshakeResponse.Error'
src\Messages\SharedHandshakeResponse.cs(11,16): warning CS1591: Missing XML comment for publicly visible type or member 'SharedHandshakeResponse.SharedHandshakeResponse()'
src\Messages\SharedHandshakeResponse.cs(15,16): warning CS1591: Missing XML comment for publicly visible type or member 'SharedHandshakeResponse.SharedHandshakeResponse(string, HandshakeResponse)'
src\Messages\SharedHandshakeResponse.cs(21,16): warning CS1591: Missing XML comment for publicly visible type or member 'SharedHandshakeResponse.SharedHandshakeResponse(string, bool, string)'
src\Messages\SharedHandshakeResponse.cs(27,30): warning CS1591: Missing XML comment for publicly visible type or member 'SharedHandshakeResponse.Serialize(NetworkWriter)'
src\Messages\SharedHandshakeResponse.cs(37,30): warning CS1591: Missing XML comment for publicly visible type or member 'SharedHandshakeResponse.Deserialize(NetworkReader)'
src\Messages\SharedInvokeEvent.cs(7,18): warning CS1591: Missing XML comment for publicly visible type or member 'SharedInvokeEvent'
src\Messages\SharedInvokeEvent.cs(9,23): warning CS1591: Missing XML comment for publicly visible type or member 'SharedInvokeEvent.EventName'
src\Messages\SharedInvokeEvent.cs(10,31): warning CS1591: Missing XML comment for publicly visible type or member 'SharedInvokeEvent.EventArguments'
src\Messages\SharedInvokeEvent.cs(12,16): warning CS1591: Missing XML comment for publicly visible type or member 'SharedInvokeEvent.SharedInvokeEvent()'
src\Messages\SharedInvokeEvent.cs(16,16): warning CS1591: Missing XML comment for publicly visible type or member 'SharedInvokeEvent.SharedInvokeEvent(string, EventArguments)'
src\Messages\SharedInvokeEvent.cs(22,30): warning CS1591: Missing XML comment for publicly visible type or member 'SharedInvokeEvent.Serialize(NetworkWriter)'
src\Messages\SharedInvokeEvent.cs(35,30): warning CS1591: Missing XML comment for publicly visible type or member 'SharedInvokeEvent.Deserialize(NetworkReader)'
src\Messages\SharedSetEntityParent.cs(5,18): warning CS1591: Missing XML comment for publicly visible type or member 'SharedSetEntityParent'
src\Messages\SharedSetEntityParent.cs(7,21): warning CS1591: Missing XML comment for publicly visible type or member 'SharedSetEntityParent.EntId'
src\Messages\SharedSetEntityParent.cs(8,21): warning CS1591: Missing XML comment for publicly visible type or member 'SharedSetEntityParent.ParentEntId'
src\Messages\SharedSetEntityParent.cs(10,16): warning CS1591: Missing XML comment for publicly visible type or member 'SharedSetEntityParent.SharedSetEntityParent()'
src\Messages\SharedSetEntityParent.cs(14,16): warning CS1591: Missing XML comment for publicly visible type or member 'SharedSetEntityParent.SharedSetEntityParent(uint, uint)'
src\Messages\SharedSetEntityParent.cs(20,30): warning CS1591: Missing XML comment for publicly visible type or member 'SharedSetEntityParent.Serialize(NetworkWriter)'
src\Messages\SharedSetEntityParent.cs(26,30): warning CS1591: Missing XML comment for publicly visible type or member 'SharedSetEntityParent.Deserialize(NetworkReader)'
src\Messages\SharedSetEntityPosition.cs(6,18): warning CS1591: Missing XML comment for publicly visible type or member 'SharedSetEntityPosition'
src\Messages\SharedSetEntityPosition.cs(8,21): warning CS1591: Missing XML comment for publicly visible type or member 'SharedSetEntityPosition.EntId'
src\Messages\SharedSetEntityPosition.cs(9,24): warning CS1591: Missing XML comment for publicly visible type or member 'SharedSetEntityPosition.Position'
src\Messages\SharedSetEntityPosition.cs(11,16): warning CS1591: Missing XML comment for publicly visible type or member 'SharedSetEntityPosition.SharedSetEntityPosition()'
src\Messages\SharedSetEntityPosition.cs(15,16): warning CS1591: Missing XML comment for publicly visible type or member 'SharedSetEntityPosition.SharedSetEntityPosition(uint, Vector3)'
src\Messages\SharedSetEntityPosition.cs(21,30): warning CS1591: Missing XML comment for publicly visible type or member 'SharedSetEntityPosition.Serialize(NetworkWriter)'
src\Messages\SharedSetEntityPosition.cs(27,30): warning CS1591: Missing XML comment for publicly visible type or member 'SharedSetEntityPosition.Deserialize(NetworkReader)'
src\Messages\SharedSetEntityRotation.cs(6,18): warning CS1591: Missing XML comment for publicly visible type or member 'SharedSetEntityRotation'
src\Messages\SharedSetEntityRotation.cs(8,21): warning CS1591: Missing XML comment for publicly visible type or member 'SharedSetEntityRotation.EntId'
src\Messages\SharedSetEntityRotation.cs(9,27): warning CS1591: Missing XML comment for publicly visible type or member 'SharedSetEntityRotation.Rotation'
src\Messages\SharedSetEntityRotation.cs(11,16): warning CS1591: Missing XML comment for publicly visible type or member 'SharedSetEntityRotation.SharedSetEntityRotation()'
src\Messages\SharedSetEntityRotation.cs(15,16): warning CS1591: Missing XML comment for publicly visible type or member 'SharedSetEntityRotation.SharedSetEntityRotation(uint, Quaternion)'
src\Messages\SharedSetEntityRotation.cs(21,30): warning CS1591: Missing XML comment for publicly visible type or member 'SharedSetEntityRotation.Serialize(NetworkWriter)'
src\Messages\SharedSetEntityRotation.cs(27,30): warning CS1591: Missing XML comment for publicly visible type or member 'SharedSetEntityRotation.Deserialize(NetworkReader)'
src\Messages\SharedSpawnEntity.cs(6,18): warning CS1591: Missing XML comment for publicly visible type or member 'SharedSpawnEntity'
src\Messages\SharedSpawnEntity.cs(8,21): warning CS1591: Missing XML comment for publicly visible type or member 'SharedSpawnEntity.EntId'
src\Messages\SharedSpawnEntity.cs(9,23): warning CS1591: Missing XML comment for publicly visible type or member 'SharedSpawnEntity.EntName'
src\Messages\SharedSpawnEntity.cs(10,24): warning CS1591: Missing XML comment for publicly visible type or member 'SharedSpawnEntity.EntPos'
src\Messages\SharedSpawnEntity.cs(11,27): warning CS1591: Missing XML comment for publicly visible type or member 'SharedSpawnEntity.EntRot'
src\Messages\SharedSpawnEntity.cs(13,16): warning CS1591: Missing XML comment for publicly visible type or member 'SharedSpawnEntity.SharedSpawnEntity()'
src\Messages\SharedSpawnEntity.cs(17,16): warning CS1591: Missing XML comment for publicly visible type or member 'SharedSpawnEntity.SharedSpawnEntity(uint, string, Vector3, Quaternion)'
src\Messages\SharedSpawnEntity.cs(25,30): warning CS1591: Missing XML comment for publicly visible type or member 'SharedSpawnEntity.Serialize(NetworkWriter)'
src\Messages\SharedSpawnEntity.cs(34,30): warning CS1591: Missing XML comment for publicly visible type or member 'SharedSpawnEntity.Deserialize(NetworkReader)'
src\Messages\SharedUpdateEntityPositionAndRotation.cs(6,18): warning CS1591: Missing XML comment for publicly visible type or member 'SharedUpdateEntityPositionAndRotation'
src\Messages\SharedUpdateEntityPositionAndRotation.cs(8,20): warning CS1591: Missing XML comment for publicly visible type or member 'SharedUpdateEntityPositionAndRotation.Timestamp'
src\Messages\SharedUpdateEntityPositionAndRotation.cs(9,21): warning CS1591: Missing XML comment for publicly visible type or member 'SharedUpdateEntityPositionAndRotation.EntId'
src\Messages\SharedUpdateEntityPositionAndRotation.cs(10,24): warning CS1591: Missing XML comment for publicly visible type or member 'SharedUpdateEntityPositionAndRotation.Position'
src\Messages\SharedUpdateEntityPositionAndRotation.cs(11,27): warning CS1591: Missing XML comment for publicly visible type or member 'SharedUpdateEntityPositionAndRotation.Rotation'
src\Messages\SharedUpdateEntityPositionAndRotation.cs(13,16): warning CS1591: Missing XML comment for publicly visible type or member 'SharedUpdateEntityPositionAndRotation.SharedUpdateEntityPositionAndRotation()'
src\Messages\SharedUpdateEntityPositionAndRotation.cs(17,16): warning CS1591: Missing XML comment for publicly visible type or member 'SharedUpdateEntityPositionAndRotation.SharedUpdateEntityPositionAndRotation(uint, Vector3, Quaternion)'
src\Messages\SharedUpdateEntityPositionAndRotation.cs(25,30): warning CS1591: Missing XML comment for publicly visible type or member 'SharedUpdateEntityPositionAndRotation.Serialize(NetworkWriter)'
src\Messages\SharedUpdateEntityPositionAndRotation.cs(33,30): warning CS1591: Missing XML comment for publicly visible type or member 'SharedUpdateEntityPositionAndRotation.Deserialize(NetworkReader)'
src\DuneModule.cs(202,29): warning CS0108: 'DuneModule.StartCoroutine(IEnumerator)' hides inherited member 'DuneBehaviour.StartCoroutine(IEnumerator)'. Use the new keyword if hiding was intended.
src\Controllers\NetworkController.cs(379,20): warning CS1591: Missing XML comment for publicly visible type or member 'NetworkController.GetConnectionAmount()'
src\DuneBehaviour.cs(16,21): warning CS1591: Missing XML comment for publicly visible type or member 'DuneBehaviour.RegisterEventInstance()'
src\DuneBehaviour.cs(21,19): warning CS1591: Missing XML comment for publicly visible type or member 'DuneBehaviour.DuneBehaviour()'
src\DuneModule.cs(57,24): warning CS1591: Missing XML comment for publicly visible type or member 'DuneModule.OnHandshakeSuccessfulInternal(EventArguments)'
src\DuneModule.cs(63,24): warning CS1591: Missing XML comment for publicly visible type or member 'DuneModule.OnHandshakeErrorInternal(EventArguments)'
src\DuneModule.cs(69,24): warning CS1591: Missing XML comment for publicly visible type or member 'DuneModule.OnNetConnectedInternal(EventArguments)'
src\DuneModule.cs(75,24): warning CS1591: Missing XML comment for publicly visible type or member 'DuneModule.OnNetDisconnectedInternal(EventArguments)'
src\DuneModule.cs(83,24): warning CS1591: Missing XML comment for publicly visible type or member 'DuneModule.OnNetErrorInternal(EventArguments)'
src\DuneModule.cs(91,24): warning CS1591: Missing XML comment for publicly visible type or member 'DuneModule.OnNetReadyInternal(EventArguments)'
src\DuneModule.cs(97,24): warning CS1591: Missing XML comment for publicly visible type or member 'DuneModule.OnNetNotReadyInternal(EventArguments)'
src\DuneMonoBehaviour.cs(15,21): warning CS1591: Missing XML comment for publicly visible type or member 'DuneMonoBehaviour.RegisterEventInstance()'
src\Entities\Entity.cs(29,21): warning CS1591: Missing XML comment for publicly visible type or member 'Entity.RegisterEventInstance()'
src\Entities\Entity.cs(34,40): warning CS1591: Missing XML comment for publicly visible type or member 'Entity.Awake()'
src\Entities\Entity.cs(41,40): warning CS1591: Missing XML comment for publicly visible type or member 'Entity.Start()'
src\Entities\Entity.cs(46,40): warning CS1591: Missing XML comment for publicly visible type or member 'Entity.Update()'
src\Entities\Entity.cs(51,40): warning CS1591: Missing XML comment for publicly visible type or member 'Entity.FixedUpdate()'
src\Entities\Entity.cs(72,40): warning CS1591: Missing XML comment for publicly visible type or member 'Entity.LateUpdate()'
src\Entities\Entity.cs(105,40): warning CS1591: Missing XML comment for publicly visible type or member 'Entity.OnEntityDestroyedInternal()'
src\Modules\NewConnectionModule.cs(14,33): warning CS1591: Missing XML comment for publicly visible type or member 'NewConnectionModule.OnNetReady(DuneConnection)'
src\Modules\QuitModule.cs(3,18): warning CS1591: Missing XML comment for publicly visible type or member 'QuitModule'
src\Modules\QuitModule.cs(5,33): warning CS1591: Missing XML comment for publicly visible type or member 'QuitModule.OnStopUsing()'
src\DuneModule.cs(239,29): warning CS0108: 'DuneModule.StartCoroutine(IEnumerator)' hides inherited member 'DuneBehaviour.StartCoroutine(IEnumerator)'. Use the new keyword if hiding was intended.
src\DuneBehaviour.cs(16,21): warning CS1591: Missing XML comment for publicly visible type or member 'DuneBehaviour.RegisterEventInstance()'
src\DuneBehaviour.cs(21,19): warning CS1591: Missing XML comment for publicly visible type or member 'DuneBehaviour.DuneBehaviour()'
src\DuneModule.cs(57,24): warning CS1591: Missing XML comment for publicly visible type or member 'DuneModule.OnHandshakeSuccessfulInternal(EventArguments)'
src\DuneModule.cs(63,24): warning CS1591: Missing XML comment for publicly visible type or member 'DuneModule.OnHandshakeErrorInternal(EventArguments)'
src\DuneModule.cs(69,24): warning CS1591: Missing XML comment for publicly visible type or member 'DuneModule.OnNetConnectedInternal(EventArguments)'
src\DuneModule.cs(75,24): warning CS1591: Missing XML comment for publicly visible type or member 'DuneModule.OnNetDisconnectedInternal(EventArguments)'
src\DuneModule.cs(81,24): warning CS1591: Missing XML comment for publicly visible type or member 'DuneModule.OnNetTimeoutInternal(EventArguments)'
src\DuneModule.cs(87,24): warning CS1591: Missing XML comment for publicly visible type or member 'DuneModule.OnNetBadMessageInternal(EventArguments)'
src\DuneModule.cs(93,24): warning CS1591: Missing XML comment for publicly visible type or member 'DuneModule.OnNetDnsFailureInternal(EventArguments)'
src\DuneModule.cs(99,24): warning CS1591: Missing XML comment for publicly visible type or member 'DuneModule.OnNetErrorUnknownInternal(EventArguments)'
src\DuneModule.cs(105,24): warning CS1591: Missing XML comment for publicly visible type or member 'DuneModule.OnNetReadyInternal(EventArguments)'
src\DuneModule.cs(111,24): warning CS1591: Missing XML comment for publicly visible type or member 'DuneModule.OnNetNotReadyInternal(EventArguments)'
src\DuneMonoBehaviour.cs(15,21): warning CS1591: Missing XML comment for publicly visible type or member 'DuneMonoBehaviour.RegisterEventInstance()'
src\Entities\Entity.cs(29,21): warning CS1591: Missing XML comment for publicly visible type or member 'Entity.RegisterEventInstance()'
src\Entities\Entity.cs(34,40): warning CS1591: Missing XML comment for publicly visible type or member 'Entity.Awake()'
src\Entities\Entity.cs(43,40): warning CS1591: Missing XML comment for publicly visible type or member 'Entity.Start()'
src\Entities\Entity.cs(48,40): warning CS1591: Missing XML comment for publicly visible type or member 'Entity.Update()'
src\Entities\Entity.cs(54,40): warning CS1591: Missing XML comment for publicly visible type or member 'Entity.FixedUpdate()'
src\Entities\Entity.cs(70,40): warning CS1591: Missing XML comment for publicly visible type or member 'Entity.LateUpdate()'
src\Modules\DisconnectModule.cs(14,33): warning CS1591: Missing XML comment for publicly visible type or member 'DisconnectModule.OnNetDisconnected(DuneConnection)'
src\Modules\QuitModule.cs(3,18): warning CS1591: Missing XML comment for publicly visible type or member 'QuitModule'
src\Modules\QuitModule.cs(5,33): warning CS1591: Missing XML comment for publicly visible type or member 'QuitModule.OnStopUsing()'
src\Init\DuneEditorInit.cs(7,18): warning CS1591: Missing XML comment for publicly visible type or member 'DuneEditorInit'
src\Inspectors\BaseEntityInspector.cs(9,18): warning CS1591: Missing XML comment for publicly visible type or member 'BaseEntityInspector'
src\Inspectors\BaseEntityInspector.cs(11,30): warning CS1591: Missing XML comment for publicly visible type or member 'BaseEntityInspector.TargetEntity'
src\Inspectors\BaseEntityInspector.cs(12,26): warning CS1591: Missing XML comment for publicly visible type or member 'BaseEntityInspector.Context'
src\Inspectors\BaseEntityInspector.cs(13,25): warning CS1591: Missing XML comment for publicly visible type or member 'BaseEntityInspector.BaseColor'
src\Inspectors\BaseEntityInspector.cs(14,25): warning CS1591: Missing XML comment for publicly visible type or member 'BaseEntityInspector.ContextColor'
src\Inspectors\BaseEntityInspector.cs(16,28): warning CS1591: Missing XML comment for publicly visible type or member 'BaseEntityInspector.HeaderStyle'
src\Inspectors\BaseEntityInspector.cs(17,28): warning CS1591: Missing XML comment for publicly visible type or member 'BaseEntityInspector.ElementStyle'
src\Inspectors\BaseEntityInspector.cs(18,28): warning CS1591: Missing XML comment for publicly visible type or member 'BaseEntityInspector.ListStyle'
src\Inspectors\BaseEntityInspector.cs(19,26): warning CS1591: Missing XML comment for publicly visible type or member 'BaseEntityInspector.CheckMark'
src\Inspectors\BaseEntityInspector.cs(25,32): warning CS1591: Missing XML comment for publicly visible type or member 'BaseEntityInspector.OnEnable()'
src\Inspectors\BaseEntityInspector.cs(75,30): warning CS1591: Missing XML comment for publicly visible type or member 'BaseEntityInspector.OnInspectorGUI()'
src\Inspectors\BaseEntityInspector.cs(122,32): warning CS1591: Missing XML comment for publicly visible type or member 'BaseEntityInspector.RenderBaseElements(AnimBool, Color)'
src\Inspectors\BaseEntityInspector.cs(166,32): warning CS1591: Missing XML comment for publicly visible type or member 'BaseEntityInspector.RenderContextElements(AnimBool, Color)'
src\Inspectors\EntityInspector.cs(10,18): warning CS1591: Missing XML comment for publicly visible type or member 'EntityInspector'
src\Inspectors\EntityInspector.cs(14,33): warning CS1591: Missing XML comment for publicly visible type or member 'EntityInspector.OnEnable()'
src\Inspectors\EntityInspector.cs(21,33): warning CS1591: Missing XML comment for publicly visible type or member 'EntityInspector.RenderContextElements(AnimBool, Color)'
src\Inspectors\EntityInspector.cs(10,18): warning CS1591: Missing XML comment for publicly visible type or member 'EntityInspector'
src\Inspectors\EntityInspector.cs(14,33): warning CS1591: Missing XML comment for publicly visible type or member 'EntityInspector.OnEnable()'
src\Inspectors\EntityInspector.cs(21,33): warning CS1591: Missing XML comment for publicly visible type or member 'EntityInspector.RenderContextElements(AnimBool, Color)'
    168 Warning(s)
    0 Error(s)

Time Elapsed 00:00:01.33
